  401428      8E5 Code                ABBREAK_TEXT
  401D10     4F94 Code                ABBROWSE_TEXT
  406CA4      867 Code                ABDROPS_TEXT
  40750C     112F Code                ABEIP_TEXT
  40863C     28B4 Code                ABERROR_TEXT
  40AEF0     6A33 Code                ABFILE_TEXT
  411924      159 Code                ABFUZZY_TEXT
  411A80     2288 Code                ABPOPUP_TEXT
  413D08     27F6 Code                ABQUERY_TEXT
  416500     4BC1 Code                ABREPORT_TEXT
  41B0C4       91 Code                ABRESIZE_TEXT
  41B158       37 Code                ABRPATMG_TEXT
  41B190      E75 Code                ABRPPSEL_TEXT
  41C008      8C2 Code                ABTOOLBA_TEXT
  41C8CC     4375 Code                ABUTIL_TEXT
  420C44     1DEE Code                ABWINDOW_TEXT
  422A34     56E6 Code                ABWMFPAR_TEXT
  42811C     260D Code                BRWEXT_TEXT
  42A72C       80 Code                CWSYNCHC_TEXT
  42A7AC       23 Code                IEXE32_TEXT
  42A7D0      757 Code                INIT_TEXT
  42AF28       37 Code                INST00_TEXT
  42AF60     436F Code                KROJACNICA001_TEXT
  42F2D0     5791 Code                KROJACNICA002_TEXT
  434A64      62D Code                KROJACNICA003_TEXT
  435094     22B5 Code                KROJACNICA_BC0_TEXT
  43734C       13 Code                KROJACNICA_BC_TEXT
  437360       B0 Code                KROJACNICA_TEXT
  438000     1290 Initialized Data    $DEFAULTERRORS_DATA
  439290       6F Initialized Data    ABBREAK_CONST
  439300       FD Initialized Data    ABBROWSE_CONST
  439400      B30 Initialized Data    ABBROWSE_DATA
  439F30        6 Initialized Data    ABDROPS_CONST
  439F38      240 Initialized Data    ABDROPS_DATA
  43A178       23 Initialized Data    ABEIP_CONST
  43A19C       B4 Initialized Data    ABEIP_DATA
  43A250      16F Initialized Data    ABERROR_CONST
  43A3C0      AA4 Initialized Data    ABERROR_DATA
  43AE64       CD Initialized Data    ABFILE_CONST
  43AF34      3F8 Initialized Data    ABFILE_DATA
  43B32C       B4 Initialized Data    ABFUZZY_DATA
  43B3E0       2D Initialized Data    ABPOPUP_CONST
  43B410      128 Initialized Data    ABPOPUP_DATA
  43B538       D6 Initialized Data    ABQUERY_CONST
  43B610       87 Initialized Data    ABQUERY_DATA
  43B698      12E Initialized Data    ABREPORT_CONST
  43B7C8      944 Initialized Data    ABREPORT_DATA
  43C10C        1 Initialized Data    ABRPATMG_CONST
  43C110       44 Initialized Data    ABRPATMG_DATA
  43C154       76 Initialized Data    ABRPPSEL_CONST
  43C1CC      11D Initialized Data    ABRPPSEL_DATA
  43C2EC      390 Initialized Data    ABTOOLBA_DATA
  43C67C       91 Initialized Data    ABUTIL_CONST
  43C710      569 Initialized Data    ABUTIL_DATA
  43CC7C       9B Initialized Data    ABWINDOW_DATA
  43CD18      101 Initialized Data    ABWMFPAR_CONST
  43CE1C      E61 Initialized Data    ABWMFPAR_DATA
  43DC80       25 Initialized Data    BRWEXT_CONST
  43DCA8       60 Initialized Data    BRWEXT_DATA
  43DD08       48 Initialized Data    CWSYNCHC_DATA
  43DD50        E Initialized Data    CWUTIL_CONST
  43DD60       36 Initialized Data    CWUTIL_DATA
  43DD98       44 Initialized Data    IEXE32_DATA
  43DDDC      1E8 Initialized Data    KROJACNICA001_CONST
  43DFC4     3D20 Initialized Data    KROJACNICA001_DATA
  441CE4      1A8 Initialized Data    KROJACNICA002_CONST
  441E8C     3190 Initialized Data    KROJACNICA002_DATA
  44501C       4E Initialized Data    KROJACNICA003_CONST
  44506C      668 Initialized Data    KROJACNICA003_DATA
  4456D4      2DF Initialized Data    KROJACNICA_BC0_CONST
  4459B4     1F00 Initialized Data    KROJACNICA_BC0_DATA
  4478B4      264 Initialized Data    KROJACNICA_CONST
  447B18      49C Initialized Data    KROJACNICA_DATA
  447FB4        0 Initialized Data    __CPPINI_CONS
  447FB4      2F4 Initialized Data    __CPPINI_CONST
  4482A8        4 Initialized Data    __CPPINI_END
  4482AC        0 Initialized Data    __INIVMT_CONS
  4482AC      2A8 Initialized Data    __INIVMT_CONST
  448554        0 Initialized Data    __INIVMT_CONST_END
  448560     1623 Un-initialized Data $FUZZYMATCHER_BSS
  449B84       40 Un-initialized Data ABEIP_BSS
  449BC4      404 Un-initialized Data ABERROR_BSS
  449FC8       10 Un-initialized Data ABFILE_BSS
  449FD8        4 Un-initialized Data ABFUZZY_BSS
  449FDC      104 Un-initialized Data ABUTIL_BSS
  44A0E0        0 Un-initialized Data ABWMFPAR_BSS
  44A0E0        0 Un-initialized Data CWUTIL_BSS
  44A0E0      14C Un-initialized Data KROJACNICA_BSS
  44B000        8 __T_L_S__DAT
  44B008      8B4 __T_L_S__DATA
  44B8BC        0 __T_L_S__DATA_END
  44B8C0        0 __T_L_S__BS
  44B8C0    13628 __T_L_S__BSS
  45EEE8        0 __T_L_S__BSS_END

  401428 EVALUATELEVEL@F17LEVELMANAGERCLASSs
  4014B4 RESTORERESETBUFFER@F17LEVELMANAGERCLASSs
  40152C SAVERESETBUFFER@F17LEVELMANAGERCLASSs
  4015C4 RESTOREBUFFEROFF@F17LEVELMANAGERCLASS
  401618 RESTOREBUFFERON@F17LEVELMANAGERCLASS
  401684 SAVEBUFFER@F17LEVELMANAGERCLASS
  4016D8 REFRESHFIELDS@F17LEVELMANAGERCLASSs
  401810 RESETTOTALS@F17LEVELMANAGERCLASSs
  4018E4 ASKLEVELOFF@F17LEVELMANAGERCLASSs
  4019AC ASKLEVELON@F17LEVELMANAGERCLASSs
  401A18 ASKLEVEL@F17LEVELMANAGERCLASSUc
  401AD8 RESET@F17LEVELMANAGERCLASS
  401C64 ASKBREAK@F17BREAKMANAGERCLASSUc
  401CBC RESET@F17BREAKMANAGERCLASS
  40232C KILL_@_WINDOWCOMPONENT_@_BROWSECLASS@F15WINDOWCOMPONENT
  40233C RESET_@_WINDOWCOMPONENT_@_BROWSECLASS@F15WINDOWCOMPONENTUc
  402350 RESETREQUIRED_@_WINDOWCOMPONENT_@_BROWSECLASS@F15WINDOWCOMPONENT
  402360 SETALERTS_@_WINDOWCOMPONENT_@_BROWSECLASS@F15WINDOWCOMPONENT
  402374 TAKEEVENT_@_WINDOWCOMPONENT_@_BROWSECLASS@F15WINDOWCOMPONENT
  402388 UPDATE_@_WINDOWCOMPONENT_@_BROWSECLASS@F15WINDOWCOMPONENT
  40239C UPDATEWINDOW_@_WINDOWCOMPONENT_@_BROWSECLASS@F15WINDOWCOMPONENT
  4023B0 DOSHOWWAITCURSOR@F11BROWSECLASSUc
  4023E8 SHOWWAITCURSOR@F11BROWSECLASSUc
  4023FC SETUSEWAITCURSOR@F11BROWSECLASSUc
  402404 UPDATEWINDOW@F11BROWSECLASS
  4025E4 UPDATEVIEWRECORD@F11BROWSECLASS
  4026C8 UPDATETOOLBARBUTTONS@F11BROWSECLASS
  402750 UPDATETHUMBFIXED@F11BROWSECLASS
  402900 UPDATETHUMB@F11BROWSECLASS
  402BA4 UPDATERESETS@F11BROWSECLASS
  402BB8 UPDATEBUFFER@F11BROWSECLASS
  402BF0 TAKEVCRSCROLL@F11BROWSECLASSl
  402CD8 TAKESCROLL@F11BROWSECLASSl
  402D5C TAKENEWSELECTION@F11BROWSECLASS
  402DF0 TAKELOCATE@F11BROWSECLASS
  402E68 TAKEKEY@F11BROWSECLASS
  40310C TAKEEVENT@F11BROWSECLASS
  40381C TAKECHOICECHANGED@F11BROWSECLASS
  403884 TAKEACCEPTEDLOCATOR@F11BROWSECLASS
  403978 GETUSEMRP@F11BROWSECLASS
  40397C SETUSEMRP@F11BROWSECLASSUc
  403980 SETUSEPOPUP@F11BROWSECLASSUc
  403984 SETSORT@F11BROWSECLASSUcUc
  403AC0 SETQUEUERECORD@F11BROWSECLASS
  403AE0 SETALERTS@F11BROWSECLASS
  403FF4 SCROLLPAGE@F11BROWSECLASSl
  4040D8 SCROLLONE@F11BROWSECLASSl
  404138 SCROLLEND@F11BROWSECLASSl
  4041B0 SAVESORT@F11BROWSECLASS
  4042A4 RESTORESORT@F11BROWSECLASS
  4043A8 RESETTHUMBLIMITS@F11BROWSECLASS
  4044E4 RESETSORT@F11BROWSECLASSUc
  404508 RESETRESETS@F11BROWSECLASS
  40451C RESETQUEUE@F11BROWSECLASSUc
  404AC4 RESETFROMVIEW@F11BROWSECLASS
  404AFC RESETFROMFILE@F11BROWSECLASS
  404B20 RESETFROMBUFFER@F11BROWSECLASS
  404B90 RESETFROMASK@F11BROWSECLASSRUcRUc
  404D88 REPLACESORT@F11BROWSECLASSsb12LOCATORCLASS9STEPCLASS
  404E60 RECORDS@F11BROWSECLASS
  404EC8 PREVIOUS@F11BROWSECLASS
  404F14 POSTNEWSELECTION@F11BROWSECLASS
  404F6C NOTIFYUPDATEERROR@F11BROWSECLASS
  404F8C NEXT@F11BROWSECLASS
  404FD8 KILL@F11BROWSECLASS
  40521C INITSORT@F11BROWSECLASSUc
  405270 INIT@F11BROWSECLASS12ILISTCONTROLBi11BROWSEQUEUE15RELATIONMANAGER13WINDOWMANAGER
  40537C INIT@F11BROWSECLASSlRsbBiBq15RELATIONMANAGER13WINDOWMANAGER
  4053E0 FETCH@F11BROWSECLASSUc
  40566C CHECKEIP@F11BROWSECLASS
  405730 ASKRECORD@F11BROWSECLASSUc
  405744 ASK@F11BROWSECLASSUc
  405814 APPLYRANGE@F11BROWSECLASS
  405880 ADDTOOLBARTARGET@F11BROWSECLASS12TOOLBARCLASS
  4058D4 ADDSORTORDER@F11BROWSECLASS9STEPCLASSBk
  405950 ADDLOCATOR@F11BROWSECLASS12LOCATORCLASS
  40596C ADDFIELD@F11BROWSECLASSRsbRsb
  4059C8 ADDFIELD@F11BROWSECLASSRuRu
  405A08 ADDEDITCONTROL@F11BROWSECLASS9EDITCLASSlUc
  405A1C SETLOCATORFROMSORT@F11BROWSECLASS
  405AB8 RECORDS_@_BROWSEQUEUE_@_STANDARDBEHAVIOR@F11BROWSEQUEUE
  405AC4 INSERT_@_BROWSEQUEUE_@_STANDARDBEHAVIOR@F11BROWSEQUEUE
  405AD0 INSERT_@_BROWSEQUEUE_@_STANDARDBEHAVIOR@F11BROWSEQUEUEl
  405ADC FETCH_@_BROWSEQUEUE_@_STANDARDBEHAVIOR@F11BROWSEQUEUEl
  405AE8 UPDATE_@_BROWSEQUEUE_@_STANDARDBEHAVIOR@F11BROWSEQUEUE
  405AF4 DELETE_@_BROWSEQUEUE_@_STANDARDBEHAVIOR@F11BROWSEQUEUE
  405B00 FREE_@_BROWSEQUEUE_@_STANDARDBEHAVIOR@F11BROWSEQUEUE
  405B0C WHO_@_BROWSEQUEUE_@_STANDARDBEHAVIOR@F11BROWSEQUEUEl
  405B1C GETVIEWPOSITION_@_BROWSEQUEUE_@_STANDARDBEHAVIOR@F11BROWSEQUEUE
  405B34 SETVIEWPOSITION_@_BROWSEQUEUE_@_STANDARDBEHAVIOR@F11BROWSEQUEUEsb
  405B6C CHOICE_@_ILISTCONTROL_@_STANDARDBEHAVIOR@F12ILISTCONTROL
  405B78 GETCONTROL_@_ILISTCONTROL_@_STANDARDBEHAVIOR@F12ILISTCONTROL
  405B7C GETITEMS_@_ILISTCONTROL_@_STANDARDBEHAVIOR@F12ILISTCONTROL
  405BB0 GETVISIBLE_@_ILISTCONTROL_@_STANDARDBEHAVIOR@F12ILISTCONTROL
  405BE4 SETCHOICE_@_ILISTCONTROL_@_STANDARDBEHAVIOR@F12ILISTCONTROLl
  405C38 SETCONTROL_@_ILISTCONTROL_@_STANDARDBEHAVIOR@F12ILISTCONTROLl
  405C3C GETSELECTEDITEM_@_ILISTCONTROL_@_STANDARDBEHAVIOR@F12ILISTCONTROL
  405C98 INIT@F16STANDARDBEHAVIORBqRsbl
  405CB0 TAKENEWSELECTION@F16BROWSEEIPMANAGER
  405D48 TAKECOMPLETED@F16BROWSEEIPMANAGERUc
  405F30 KILL@F16BROWSEEIPMANAGER
  405F64 INIT@F16BROWSEEIPMANAGER
  406328 CLEARCOLUMN@F16BROWSEEIPMANAGER
  406370 UPDATEWINDOW@F17ENTRYLOCATORCLASS
  406380 UPDATE@F17ENTRYLOCATORCLASS
  406474 TAKEKEY@F17ENTRYLOCATORCLASS
  4064CC TAKEACCEPTED@F17ENTRYLOCATORCLASS
  406584 SETSHADOW@F17ENTRYLOCATORCLASSsb
  4065C0 SET@F17ENTRYLOCATORCLASS
  40662C GETSHADOW@F17ENTRYLOCATORCLASS
  40663C INIT@F17ENTRYLOCATORCLASSlRuUc
  4066D4 TAKEKEY@F16STEPLOCATORCLASS
  406900 SET@F16STEPLOCATORCLASS
  406904 INIT@F16STEPLOCATORCLASSlRuUc
  40692C UPDATEWINDOW@F12LOCATORCLASS
  406934 TAKEACCEPTED@F12LOCATORCLASS
  406938 SETSHADOW@F12LOCATORCLASSsb
  406954 SETENABLED@F12LOCATORCLASSUc
  406998 SETALERTS@F12LOCATORCLASSl
  40699C SETLOCATORFIELD@F12LOCATORCLASSRu
  4069F0 SET@F12LOCATORCLASS
  406A20 RESET@F12LOCATORCLASS
  406A24 INIT@F12LOCATORCLASSlRuUc11BROWSECLASS
  406A58 INIT@F12LOCATORCLASSlRuUc
  406A74 GETSHADOW@F12LOCATORCLASS
  406A90 DESTRUCT@F12LOCATORCLASS
  406AA4 SETLIMIT@F13STEPLONGCLASSuu
  406B90 GETVALUE@F13STEPLONGCLASSUc
  406BF0 GETPERCENTILE@F13STEPLONGCLASSu
  406C98 SETLIMITNEEDED@F9STEPCLASS
  406C9C KILL@F9STEPCLASS
  406CA0 INIT@F9STEPCLASSUc
  406CA4 KILL_@_WINDOWCOMPONENT_@_FILEDROPCLASS@F15WINDOWCOMPONENT
  406CB4 RESET_@_WINDOWCOMPONENT_@_FILEDROPCLASS@F15WINDOWCOMPONENTUc
  406CCC RESETREQUIRED_@_WINDOWCOMPONENT_@_FILEDROPCLASS@F15WINDOWCOMPONENT
  406CD8 SETALERTS_@_WINDOWCOMPONENT_@_FILEDROPCLASS@F15WINDOWCOMPONENT
  406CDC TAKEEVENT_@_WINDOWCOMPONENT_@_FILEDROPCLASS@F15WINDOWCOMPONENT
  406D14 UPDATE_@_WINDOWCOMPONENT_@_FILEDROPCLASS@F15WINDOWCOMPONENT
  406D18 UPDATEWINDOW_@_WINDOWCOMPONENT_@_FILEDROPCLASS@F15WINDOWCOMPONENT
  406D1C GETUSEMRP@F13FILEDROPCLASS
  406D20 SETUSEMRP@F13FILEDROPCLASSUc
  406D24 VALIDATERECORD@F13FILEDROPCLASS
  406D2C TAKENEWSELECTION@F13FILEDROPCLASSl
  406E00 TAKENEWSELECTION@F13FILEDROPCLASS
  406E18 TAKEEVENT@F13FILEDROPCLASS
  406E68 TAKEACCEPTED@F13FILEDROPCLASS
  406E6C SETQUEUERECORD@F13FILEDROPCLASS
  406E90 RESETQUEUE@F13FILEDROPCLASSUc
  4071F4 KILL@F13FILEDROPCLASS
  40723C INIT@F13FILEDROPCLASSlRsbBiBq15RELATIONMANAGER13WINDOWMANAGER
  40741C BUFFERMATCHES@F13FILEDROPCLASS
  407478 ADDUPDATEFIELD@F13FILEDROPCLASSRuRu
  4074B8 ADDRECORD@F13FILEDROPCLASS
  4074CC ADDFIELD@F13FILEDROPCLASSRuRu
  40750C TAKENEWSELECTION@F10EIPMANAGER
  407584 TAKEFOCUSLOSS@F10EIPMANAGER
  4075D8 TAKEFIELDEVENT@F10EIPMANAGER
  407728 TAKEEVENT@F10EIPMANAGER
  4077B8 TAKECOMPLETED@F10EIPMANAGERUc
  407804 TAKEACTION@F10EIPMANAGERl
  407B0C TAKEACCEPTALL@F10EIPMANAGER
  407C58 RUN@F10EIPMANAGERUc
  407CF0 RESETCOLUMN@F10EIPMANAGER
  407DB8 GETEDIT@F10EIPMANAGER
  407E14 NEXT@F10EIPMANAGER
  407EF0 KILL@F10EIPMANAGER
  408078 INITCONTROLS@F10EIPMANAGER
  408284 INIT@F10EIPMANAGER
  4082F0 CLEARCOLUMN@F10EIPMANAGER
  408338 ADDCONTROL@F10EIPMANAGER9EDITCLASSlUc
  408394 CREATECONTROL@F14EDITENTRYCLASS
  4083B8 RESETCONTROL@F9EDITCLASS
  4083BC GETFEQ@F9EDITCLASS
  4083C0 TAKEEVENT@F9EDITCLASSl
  408408 TAKEACCEPTED@F9EDITCLASSUc
  408420 SETREADONLY@F9EDITCLASSUc
  40847C SETALERTS@F9EDITCLASS
  40857C KILL@F9EDITCLASS
  4085AC INIT@F9EDITCLASSllRu
  408758 KILL_@_WINDOWCOMPONENT_@_HISTHANDLERCLASS@F15WINDOWCOMPONENT
  40875C RESET_@_WINDOWCOMPONENT_@_HISTHANDLERCLASS@F15WINDOWCOMPONENTUc
  408760 RESETREQUIRED_@_WINDOWCOMPONENT_@_HISTHANDLERCLASS@F15WINDOWCOMPONENT
  408764 SETALERTS_@_WINDOWCOMPONENT_@_HISTHANDLERCLASS@F15WINDOWCOMPONENT
  408768 TAKEEVENT_@_WINDOWCOMPONENT_@_HISTHANDLERCLASS@F15WINDOWCOMPONENT
  408770 UPDATE_@_WINDOWCOMPONENT_@_HISTHANDLERCLASS@F15WINDOWCOMPONENT
  408774 UPDATEWINDOW_@_WINDOWCOMPONENT_@_HISTHANDLERCLASS@F15WINDOWCOMPONENT
  408788 VLBPROC@F16HISTHANDLERCLASSls
  408834 TAKEEVENT@F16HISTHANDLERCLASS
  4088FC INIT@F16HISTHANDLERCLASSBw10ERRORCLASS16ERRORHISTORYLIST
  408908 _VLBPROC@F16HISTHANDLERCLASSls
  408918 TAKEACCEPTED@F11MSGBOXCLASS
  408954 SETUPADDITIONALFEQS@F11MSGBOXCLASS
  4089DC KILL@F11MSGBOXCLASS
  408A1C INIT@F11MSGBOXCLASS
  408CCC INIT@F11MSGBOXCLASSBw10ERRORCLASSOsbllll
  408D64 FETCHSTDBUTTON@F11MSGBOXCLASSs
  408D98 GETALLSTATUSVARIABLES@F10ERRORCLASS16ERRORSTATUSGROUP
  408DC8 GETERRORBUFFERFATALITY@F10ERRORCLASS
  408DF8 GETERRORBUFFERTITLE@F10ERRORCLASS
  408E30 GETERRORBUFFERID@F10ERRORCLASS
  408E54 SETMESSAGETEXT@F10ERRORCLASSsb
  408EA4 SETKEYNAME@F10ERRORCLASSsb
  408EF4 SETFIELDNAME@F10ERRORCLASSsb
  408F44 SETFILENAME@F10ERRORCLASSsb
  408F94 STOREERRORENTRY@F10ERRORCLASSUs
  4090C4 GETHISTORYRESETONVIEW@F10ERRORCLASS
  409110 SETHISTORYRESETONVIEW@F10ERRORCLASSUc
  409158 GETHISTORYVIEWLEVEL@F10ERRORCLASS
  4091A4 SETHISTORYVIEWLEVEL@F10ERRORCLASSl
  4091EC GETHISTORYTHRESHOLD@F10ERRORCLASS
  409238 SETHISTORYTHRESHOLD@F10ERRORCLASSl
  409280 GETLOGERRORS@F10ERRORCLASS
  4092CC GETSILENT@F10ERRORCLASS
  409318 SETDEFAULTCATEGORY@F10ERRORCLASSsa
  409360 GETDEFAULTCATEGORY@F10ERRORCLASS
  4093AC VIEWHISTORY@F10ERRORCLASS
  4093D8 THROWMESSAGE@F10ERRORCLASSssb
  409428 THROW@F10ERRORCLASSs
  40943C TAKEUSER@F10ERRORCLASS
  409498 TAKEPROGRAM@F10ERRORCLASS
  4094A0 TAKEOTHER@F10ERRORCLASS
  4094A8 TAKENOTIFY@F10ERRORCLASS
  4094F4 TAKEFATAL@F10ERRORCLASS
  409580 TAKEERROR@F10ERRORCLASSs
  409784 TAKEBENIGN@F10ERRORCLASS
  409788 SUBSSTRING@F10ERRORCLASS
  409B3C SETPROCEDURENAME@F10ERRORCLASSOsb
  409BEC GETERRORENTRY@F10ERRORCLASSUs15ERRORENTRYGROUPl
  409C90 GETERRORENTRY@F10ERRORCLASSUs15ERRORENTRYGROUP
  409CC4 SETID@F10ERRORCLASSUsl
  409CFC SETID@F10ERRORCLASSUs
  409D18 SETKEY@F10ERRORCLASSsb
  409D54 SETFILE@F10ERRORCLASSsb
  409D90 SETFIELD@F10ERRORCLASSsb
  409DCC SETERRORS@F10ERRORCLASS
  409E50 SETERRORLOG@F10ERRORCLASS17ERRORLOGINTERFACE
  409EF0 SETCATEGORY@F10ERRORCLASSssa
  409F3C RESETHISTORY@F10ERRORCLASS
  409F64 REMOVEERROR@F10ERRORCLASSUs
  409FA4 MESSAGEBOX@F10ERRORCLASSUcsbOsbOsblll
  40A03C MSG@F10ERRORCLASSsbOsbOsblll
  40A388 MESSAGE@F10ERRORCLASSsll
  40A3EC KILL@F10ERRORCLASS
  40A490 INIT@F10ERRORCLASS16ERRORSTATUSCLASS
  40A4EC INIT@F10ERRORCLASS
  40A5C0 HISTORYMSG@F10ERRORCLASSsblll
  40A780 GETPROCEDURENAME@F10ERRORCLASS
  40A854 GETCATEGORY@F10ERRORCLASSs
  40A8DC ADDHISTORY@F10ERRORCLASS
  40A90C ADDERRORS@F10ERRORCLASS10ERRORBLOCK
  40AAB8 ADDERROR@F10ERRORCLASSUsRsbRsbUcsa
  40AB64 DESTRUCT@F10ERRORCLASS
  40AB80 CONSTRUCT@F10ERRORCLASS
  40AB98 DESTRUCT@F16ERRORSTATUSCLASS
  40ABCC CONSTRUCT@F16ERRORSTATUSCLASS
  40AD04 CLOSE_@_ERRORLOGINTERFACE_@_STANDARDERRORLOGCLASS@F17ERRORLOGINTERFACEUc
  40AD0C OPEN_@_ERRORLOGINTERFACE_@_STANDARDERRORLOGCLASS@F17ERRORLOGINTERFACEUc
  40AD14 TAKE_@_ERRORLOGINTERFACE_@_STANDARDERRORLOGCLASS@F17ERRORLOGINTERFACEsb
  40ADB8 CLOSE@F21STANDARDERRORLOGCLASSUc
  40AE34 OPEN@F21STANDARDERRORLOGCLASSUc
  40AEDC DESTRUCT@F21STANDARDERRORLOGCLASS
  40AEE8 CONSTRUCT@F21STANDARDERRORLOGCLASS
  40B134 REMOVERELATIONFILEMAPPING@F12FILESMANAGER15RELATIONMANAGER
  40B154 REMOVERELATIONFILEMAPPING@F12FILESMANAGERl
  40B170 REMOVEFILEMAPPING@F12FILESMANAGER11FILEMANAGER
  40B18C REMOVEFILEMAPPING@F12FILESMANAGERl
  40B1A8 NOTEUSAGE@F12FILESMANAGER11FILEMANAGERUc
  40B280 NOTEOPEN@F12FILESMANAGER11FILEMANAGER
  40B2C4 NOTECLOSE@F12FILESMANAGER11FILEMANAGER
  40B354 GETRELATIONFILEMAPPING@F12FILESMANAGERl
  40B38C GETFILEMAPPING@F12FILESMANAGERl
  40B3C4 GETFILEID@F12FILESMANAGERBf
  40B3DC FINDRECORD@F12FILESMANAGER11FILEMANAGER
  40B488 ADDFILEMAPPING@F12FILESMANAGER15RELATIONMANAGER
  40B4E4 ADDFILEMAPPING@F12FILESMANAGER11FILEMANAGER
  40B540 DESTRUCT@F12FILESMANAGER
  40B580 CONSTRUCT@F12FILESMANAGER
  40BCD8 OPENFILE_@_IFILEOPENSERVER_@_UNTHREADEDFILEOPENSERVER@F15IFILEOPENSERVERl
  40BD68 CLOSEFILE_@_IFILEOPENSERVER_@_UNTHREADEDFILEOPENSERVER@F15IFILEOPENSERVER
  40BDE8 LINK_@_IFILEOPENSERVER_@_UNTHREADEDFILEOPENSERVER@F15IFILEOPENSERVER
  40BE38 RELEASE_@_IFILEOPENSERVER_@_UNTHREADEDFILEOPENSERVER@F15IFILEOPENSERVER
  40BEC4 INIT@F24UNTHREADEDFILEOPENSERVERBf
  40BED8 DESTRUCT@F24UNTHREADEDFILEOPENSERVER
  40BEFC CONSTRUCT@F24UNTHREADEDFILEOPENSERVER
  40BF2C OPENFILE_@_IFILEOPENSERVER_@_THREADEDFILEOPENSERVER@F15IFILEOPENSERVERl
  40BF58 CLOSEFILE_@_IFILEOPENSERVER_@_THREADEDFILEOPENSERVER@F15IFILEOPENSERVER
  40BF68 LINK_@_IFILEOPENSERVER_@_THREADEDFILEOPENSERVER@F15IFILEOPENSERVER
  40BF74 RELEASE_@_IFILEOPENSERVER_@_THREADEDFILEOPENSERVER@F15IFILEOPENSERVER
  40BF80 RELEASE@F14FILEOPENSERVER
  40BFA0 LINK@F14FILEOPENSERVER
  40BFA4 INIT@F14FILEOPENSERVERBf
  40BFA8 DESTRUCT@F14FILEOPENSERVER
  40BFAC CONSTRUCT@F14FILEOPENSERVER
  40BFB4 VALIDATERECORD@F11VIEWMANAGER
  40BFB8 UNUSEVIEW@F11VIEWMANAGER
  40C050 USEVIEW@F11VIEWMANAGER
  40C114 SETSORT@F11VIEWMANAGERUc
  40C140 SETORDER@F11VIEWMANAGERsb
  40C1D0 SETFREEELEMENT@F11VIEWMANAGER
  40C24C SETFILTER@F11VIEWMANAGERsbsb
  40C388 SETFILTER@F11VIEWMANAGERsb
  40C3D0 SAVEBUFFERS@F11VIEWMANAGER
  40C480 RESTOREBUFFERS@F11VIEWMANAGER
  40C4E8 RESET@F11VIEWMANAGER
  40C4F4 RESET@F11VIEWMANAGERUc
  40C53C PRIMERECORD@F11VIEWMANAGERUc
  40C680 PREVIOUS@F11VIEWMANAGER
  40C6E4 OPEN@F11VIEWMANAGER
  40C760 NEXT@F11VIEWMANAGER
  40C7C4 LIMITMAJORCOMPONENTS@F11VIEWMANAGERRu
  40C880 KILL@F11VIEWMANAGER
  40C9D8 GETFIRSTSORTFIELD@F11VIEWMANAGER
  40CCB4 GETFIELDASCENDING@F11VIEWMANAGERRu
  40D018 INIT@F11VIEWMANAGERBi15RELATIONMANAGER9SORTORDER
  40D078 GETFREEELEMENTPOSITION@F11VIEWMANAGER
  40D0D0 GETFREEELEMENTNAME@F11VIEWMANAGER
  40D124 GETFREEELEMENTASCENDING@F11VIEWMANAGER
  40D17C CLEARFILESRECORD@F11VIEWMANAGER
  40D234 CLOSE@F11VIEWMANAGERUc
  40D250 CLOSE@F11VIEWMANAGER
  40D25C APPLYRANGE@F11VIEWMANAGER
  40D428 APPLYORDER@F11VIEWMANAGER
  40D480 APPLYFILTER@F11VIEWMANAGER
  40D9E4 APPENDORDER@F11VIEWMANAGERsb
  40DAC4 ADDSORTORDER@F11VIEWMANAGERBk
  40DB90 ADDRANGE@F11VIEWMANAGERRu15RELATIONMANAGER15RELATIONMANAGER
  40DBB8 ADDRANGE@F11VIEWMANAGERRu
  40DC18 DESTRUCT@F11VIEWMANAGER
  40DC2C DEFEREDADDRELATIONS@F15RELATIONMANAGER
  40DC30 UPDATESECONDARY@F15RELATIONMANAGERBk18BUFFEREDPAIRSCLASSUc
  40DDC0 UPDATE@F15RELATIONMANAGERUc
  40DFD4 INSERT@F15RELATIONMANAGER
  40E12C SETOPENRELATED@F15RELATIONMANAGER
  40E134 SETQUICKSCAN@F15RELATIONMANAGERUcUc
  40E240 SAVE@F15RELATIONMANAGER
  40E288 FORCEOPEN@F15RELATIONMANAGERUc
  40E298 OPEN@F15RELATIONMANAGERUc
  40E2C0 OPENCLOSESERVER@F15RELATIONMANAGERUcUc
  40E444 LOGOUTINSERT@F15RELATIONMANAGER
  40E4D8 LOGOUTUPDATE@F15RELATIONMANAGER
  40E544 LOGOUTPRIME@F15RELATIONMANAGER
  40E624 LOGOUTDELETE@F15RELATIONMANAGER
  40E6A0 LISTLINKINGFIELDS@F15RELATIONMANAGER15RELATIONMANAGER15FIELDPAIRSCLASSUc
  40E810 KILL@F15RELATIONMANAGER
  40E894 INIT@F15RELATIONMANAGER11FILEMANAGERUc
  40E8CC DELETESECONDARY@F15RELATIONMANAGERBk18BUFFEREDPAIRSCLASSUcUc
  40EB64 DELETE@F15RELATIONMANAGERUc
  40EDB0 CLOSE@F15RELATIONMANAGERUc
  40EDBC CASCADEUPDATES@F15RELATIONMANAGER
  40EE98 CANCELAUTOINC@F15RELATIONMANAGER
  40EEAC ADDRELATIONLINK@F15RELATIONMANAGERRsbRsb
  40EF14 ADDRELATIONLINK@F15RELATIONMANAGERRuRu
  40EF60 ADDRELATION@F15RELATIONMANAGER15RELATIONMANAGERUcUcBk
  40EFC0 ADDRELATION@F15RELATIONMANAGER15RELATIONMANAGER
  40EFEC DEFEREDRELATIONS@F15RELATIONMANAGER
  40F014 CONSTRUCT@F15RELATIONMANAGER
  40F01C FUNCTIONCALLED_@_FILECALLBACKINTERFACE_@_FILEMANAGER@F21FILECALLBACKINTERFACEl6PARAMSRscRsc
  40F0C8 FUNCTIONDONE_@_FILECALLBACKINTERFACE_@_FILEMANAGER@F21FILECALLBACKINTERFACEl6PARAMSRscRsc
  40F214 POSTCREATE@F11FILEMANAGERRscRsc
  40F21C PRECREATE@F11FILEMANAGERRscRsc
  40F224 POSTFETCH@F11FILEMANAGERlBksbllRscRsc
  40F248 PREFETCH@F11FILEMANAGERlBksbllRscRsc
  40F26C POSTUPDATE@F11FILEMANAGERRscRsc
  40F274 PREUPDATE@F11FILEMANAGERllRscRsc
  40F27C POSTINSERT@F11FILEMANAGERRscRsc
  40F284 PREINSERT@F11FILEMANAGERllRscRsc
  40F28C POSTDELETE@F11FILEMANAGERRscRsc
  40F294 PREDELETE@F11FILEMANAGERRscRsc
  40F29C FUNCTIONDONE@F11FILEMANAGERl6PARAMSRscRsc
  40F3D0 FUNCTIONCALLED@F11FILEMANAGERl6PARAMSRscRsc
  40F534 GETHASAUTOINC@F11FILEMANAGER
  40F53C GETAUTOINCDONE@F11FILEMANAGER
  40F544 GETMRPSIZE@F11FILEMANAGER
  40F54C SETMRPSIZE@F11FILEMANAGERUc
  40F554 GETUSEMRP@F11FILEMANAGER
  40F55C SETUSEMRP@F11FILEMANAGERUc
  40F564 DELETED@F11FILEMANAGER
  40F568 DELETERECORD@F11FILEMANAGERUc
  40F5BC VALIDATERECORD@F11FILEMANAGERPl
  40F674 VALIDATEFIELDS@F11FILEMANAGERllPl
  40F730 VALIDATEFIELDSERVER@F11FILEMANAGERlUc
  40F79C TRYVALIDATEFIELD@F11FILEMANAGERl
  40F7AC VALIDATEFIELD@F11FILEMANAGERl
  40F7BC USEFILE@F11FILEMANAGERUc
  40F8B0 UPDATESERVER@F11FILEMANAGERUc
  40F9A8 UPDATE@F11FILEMANAGER
  40F9B4 TRYUPDATE@F11FILEMANAGER
  40F9C0 TRYREGET@F11FILEMANAGERsb
  40FA68 TRYPRIMEAUTOINC@F11FILEMANAGER
  40FA74 TRYPREVIOUS@F11FILEMANAGER
  40FA84 TRYOPEN@F11FILEMANAGER
  40FA94 TRYNEXT@F11FILEMANAGER
  40FAA4 TRYINSERT@F11FILEMANAGER
  40FAB0 TRYFETCH@F11FILEMANAGERBk
  40FAF8 THROWMESSAGE@F11FILEMANAGERUssb
  40FB4C THROW@F11FILEMANAGER
  40FB70 THROW@F11FILEMANAGERUs
  40FB88 SETKEY@F11FILEMANAGERBk
  40FBE0 SETERRORS@F11FILEMANAGER10ERRORCLASS
  40FBE4 SETERROR@F11FILEMANAGERUs
  40FBFC SAVEFILE@F11FILEMANAGER
  40FD18 SAVEBUFFER@F11FILEMANAGER
  40FE70 RESTOREFILE@F11FILEMANAGERRUs11FILEMANAGERUc
  40FFA0 RESTOREFILE@F11FILEMANAGERRUsUc
  40FFB0 RESTOREBUFFER@F11FILEMANAGERRUs11FILEMANAGERUc
  410120 RESTOREBUFFER@F11FILEMANAGERRUsUc
  410130 PRIMERECORD@F11FILEMANAGERUc
  41023C PRIMEFIELDS@F11FILEMANAGER
  410240 PRIMEAUTOINCSERVER@F11FILEMANAGERUc
  4107F0 PRIMEAUTOINC@F11FILEMANAGER
  4107FC PREVIOUS@F11FILEMANAGER
  41080C POSITION@F11FILEMANAGER
  41088C OPENSERVER@F11FILEMANAGERUcUc
  4108EC OPENFILE@F11FILEMANAGERUc
  410B0C OPEN@F11FILEMANAGER
  410B1C NEXTSERVER@F11FILEMANAGERUcUc
  410C38 NEXT@F11FILEMANAGER
  410C48 KILL@F11FILEMANAGER
  410C8C KEYTOORDER@F11FILEMANAGERBkUc
  410DD8 ISOPENED@F11FILEMANAGER
  410DF8 INSERTSERVER@F11FILEMANAGERUc
  411010 INSERT@F11FILEMANAGER
  41101C INIT@F11FILEMANAGERBf10ERRORCLASS
  4110FC INIT@F11FILEMANAGER
  411138 GETOPENED@F11FILEMANAGER
  411140 GETNAME@F11FILEMANAGER
  4111C8 GETFIELDNAME@F11FILEMANAGERBkUc
  411218 GETFIELDASCENDING@F11FILEMANAGERBkUc
  41124C GETFIELD@F11FILEMANAGERBkUc
  411288 GETEOF@F11FILEMANAGER
  411290 GETCOMPONENTS@F11FILEMANAGERBk
  4112AC FETCH@F11FILEMANAGERBk
  4112E4 EQUALBUFFER@F11FILEMANAGERRUs
  411420 CLOSE@F11FILEMANAGER
  4114B4 CLEARKEY@F11FILEMANAGERBkUcUcUc
  411564 CANCELAUTOINC@F11FILEMANAGER15RELATIONMANAGER
  4115D4 BINDFIELDS@F11FILEMANAGER
  4115F8 ADDKEY@F11FILEMANAGERBksbUc
  4118F0 DESTRUCT@F11FILEMANAGER
  411924 SETOPTION@F10FUZZYCLASSUcUc
  411988 KILL@F10FUZZYCLASS
  41198C INIT@F10FUZZYCLASS
  4119A0 CONSTRUCT@F10FUZZYCLASS
  411D14 TOOLBOX@F10POPUPCLASSsb
  411DA0 SETTRANSLATOR@F10POPUPCLASS15TRANSLATORCLASS
  411DB0 SETTOOLBOX@F10POPUPCLASSsbUc
  411E1C SETICON@F10POPUPCLASSsbsb
  411E94 SETITEMENABLE@F10POPUPCLASSsbUc
  411F40 SETITEMCHECK@F10POPUPCLASSsbUc
  411FEC SETITEM@F10POPUPCLASSllsbsb
  412208 RESETTOOLBOX@F10POPUPCLASS
  412610 LOCATENAME@F10POPUPCLASSsb
  412694 KILL@F10POPUPCLASS
  4126B0 INIT@F10POPUPCLASS
  4126E4 GETNAME@F10POPUPCLASSl
  41280C GETMENUTEXT@F10POPUPCLASS
  412AF4 GETLASTSELECTION@F10POPUPCLASS
  412B04 GETITEMS@F10POPUPCLASSUc
  412BB0 EXECUTEPOPUP@F10POPUPCLASSsbllUc
  412C88 EMPTYITEMS@F10POPUPCLASS
  412C94 DELETEITEM@F10POPUPCLASSsb
  412CDC CHECKMIMICS@F10POPUPCLASS
  412E9C ASKTOOLBOX@F10POPUPCLASSsb
  413340 ASK@F10POPUPCLASSllUc
  41349C ASK@F10POPUPCLASSll
  4134AC ADDSUBMENU@F10POPUPCLASSsbsbsb
  41356C ADDSUBMENU@F10POPUPCLASSsbsb
  4135D4 ADDMENU@F10POPUPCLASSsbUc
  413730 ADDITEMMIMIC@F10POPUPCLASSsblOsb
  413810 ADDITEMEVENT@F10POPUPCLASSsbll
  4138F4 ADDITEM@F10POPUPCLASSsbsbsbUc
  413988 ADDITEM@F10POPUPCLASSsbsb
  4139F8 ADDITEM@F10POPUPCLASSsb
  414450 CLEARQUERY@F10QUERYCLASS
  4144F8 GETQUERIES@F10QUERYCLASS11SECTORQUEUE
  414598 RESTORE@F10QUERYCLASSsb
  414D28 TAKE@F10QUERYCLASS10POPUPCLASS
  414DC8 SAVE@F10QUERYCLASSsb
  414F24 SETQUICKPOPUP@F10QUERYCLASS10POPUPCLASSUs
  4154DC QUOTE@F10QUERYCLASSsb
  4155C0 GETLIMIT@F10QUERYCLASSRscRscRUcUcRsc
  415B7C GETFILTER@F10QUERYCLASS
  416088 MAKEOPERATOR@FsbsbRscRsc
  416454 MAKEOPERATOR@Fsbsb
  416D34 SETPOSITION@F16PAGEMANAGERCLASSlllll
  416DEC SETCENTRE@F16PAGEMANAGERCLASSlUcUc
  416E50 KILL@F16PAGEMANAGERCLASS
  416EAC INIT@F16PAGEMANAGERCLASS17PRINTPREVIEWCLASSllRsb
  416FC8 HIGHLIGHT@F16PAGEMANAGERCLASSl
  417048 GETPROP@F16PAGEMANAGERCLASSll
  4170A8 EXISTS@F16PAGEMANAGERCLASSl
  4170C4 DRAW@F16PAGEMANAGERCLASSll
  4177C4 DELETE@F16PAGEMANAGERCLASSl
  41780C DELETE@F16PAGEMANAGERCLASS
  41782C COORDCONTAINED@F16PAGEMANAGERCLASSll
  417940 TAKEWINDOWEVENT@F13REPORTMANAGER
  417B60 TAKERECORD@F13REPORTMANAGER
  417C80 TAKENORECORDS@F13REPORTMANAGER
  417C90 TAKECLOSEEVENT@F13REPORTMANAGER
  417E90 TAKEACCEPTED@F13REPORTMANAGER
  417EC0 SETDYNAMICCONTROLSATTRIBUTES@F13REPORTMANAGER
  417EC4 SETSTATICCONTROLSATTRIBUTES@F13REPORTMANAGER
  417EC8 PROCESSRESULTFILES@F13REPORTMANAGER15OUTPUTFILEQUEUE
  417ECC OPENREPORT@F13REPORTMANAGER
  418010 OPEN@F13REPORTMANAGER
  418080 KILL@F13REPORTMANAGER
  418184 INIT@F13REPORTMANAGER12PROCESSCLASSBr17PRINTPREVIEWCLASS
  4182BC NEXT@F13REPORTMANAGER
  418338 CANCELPRINTREPORT@F13REPORTMANAGER
  418374 PRINTREPORT@F13REPORTMANAGER
  4185F8 ENDREPORT@F13REPORTMANAGER
  418630 GETTOTALPAGES@F13REPORTMANAGER
  41863C FETCHPAGE@F13REPORTMANAGERl
  41868C ASKPREVIEW@F13REPORTMANAGER
  418754 ASK@F13REPORTMANAGER
  4187A8 GETOPENOUTPUTWHENFINISH@F13REPORTMANAGER
  4187B0 SETOPENOUTPUTWHENFINISH@F13REPORTMANAGERUc
  4187B8 GETUSEMRP@F13REPORTMANAGER
  4187C0 SETUSEMRP@F13REPORTMANAGERUc
  4187C8 TAKECURRENTPAGE@F17PRINTPREVIEWCLASS
  4189A8 TAKEFIELDEVENT@F17PRINTPREVIEWCLASS
  418A00 TAKEWINDOWEVENT@F17PRINTPREVIEWCLASS
  418A1C TAKEEVENT@F17PRINTPREVIEWCLASS
  4190B0 TAKEACCEPTED@F17PRINTPREVIEWCLASS
  41956C SYNCIMAGEQUEUE@F17PRINTPREVIEWCLASS
  4195AC SETINIMANAGER@F17PRINTPREVIEWCLASS8INICLASS
  4195B4 SETDEFAULTPAGES@F17PRINTPREVIEWCLASS
  4195FC RESETUSERZOOM@F17PRINTPREVIEWCLASS
  4196A0 PROCESSRESULTFILES@F17PRINTPREVIEWCLASS15OUTPUTFILEQUEUE
  4196A4 PARSEIMAGES@F17PRINTPREVIEWCLASSl
  419750 ONPROCESSFILES@F17PRINTPREVIEWCLASS
  419790 ONSAVEAS@F17PRINTPREVIEWCLASS
  4197E0 OPEN@F17PRINTPREVIEWCLASS
  419B38 NEWZOOM@F17PRINTPREVIEWCLASS
  419B54 KILL@F17PRINTPREVIEWCLASS
  419BF4 INPAGELIST@F17PRINTPREVIEWCLASSl
  419E00 INITWINDOWPOSITION@F17PRINTPREVIEWCLASSBw
  419F28 INIT@F17PRINTPREVIEWCLASS12PREVIEWQUEUE25REPORTTARGETSELECTORCLASS17WMFDOCUMENTPARSER
  419F40 INIT@F17PRINTPREVIEWCLASS12PREVIEWQUEUE
  41A148 DRAWPAGE@F17PRINTPREVIEWCLASS
  41A1F0 DISPLAY@F17PRINTPREVIEWCLASSslUsUs
  41A514 DELETEIMAGEQUEUE@F17PRINTPREVIEWCLASSl
  41A56C CONFIGMENUCHECKS@F17PRINTPREVIEWCLASS
  41A5F4 ASKTHUMBNAILS@F17PRINTPREVIEWCLASS
  41A6F0 ASKPRINTPAGES@F17PRINTPREVIEWCLASS
  41A8B4 ASKPAGE@F17PRINTPREVIEWCLASS
  41A9EC CHILDPROCESSINGEND@F12PROCESSCLASSUs
  41A9F4 CHILDPROCESSINGSTART@F12PROCESSCLASSUs
  41AA28 UPDATEDISPLAY@F12PROCESSCLASS
  41AAA4 TAKERECORD@F12PROCESSCLASS
  41AAA8 TAKELOCATE@F12PROCESSCLASS
  41AAD8 TAKEACCEPTED@F12PROCESSCLASS
  41AADC SETPROGRESSLIMITS@F12PROCESSCLASSsbsb
  41ABB4 SETPROGRESSLIMITS@F12PROCESSCLASS
  41AC84 RESET@F12PROCESSCLASS
  41AD10 NEXT@F12PROCESSCLASSUc
  41AFA4 KILL@F12PROCESSCLASS
  41AFFC INIT@F12PROCESSCLASSBi15RELATIONMANAGERlPUc9STEPCLASSRu
  41B0C4 TAKERESIZE@F17WINDOWRESIZECLASS
  41B0CC KILL@F17WINDOWRESIZECLASS
  41B158 INIT@F22REPORTATTRIBUTEMANAGERBr
  41B15C DESTRUCT@F22REPORTATTRIBUTEMANAGER
  41B17C CONSTRUCT@F22REPORTATTRIBUTEMANAGER
  41B7D0 DESTRUCT@F25REPORTTARGETSELECTORCLASS
  41B7F0 CONSTRUCT@F25REPORTTARGETSELECTORCLASS
  41B810 GETREPORTDEFAULT@F25REPORTTARGETSELECTORCLASS
  41B850 GETREPORTSELECTED@F25REPORTTARGETSELECTORCLASS
  41B8B4 GETDEFAULTITEMINDEX@F25REPORTTARGETSELECTORCLASS
  41B8B8 GETSELECTEDITEMINDEX@F25REPORTTARGETSELECTORCLASS
  41B8BC SETDEFAULTOUTPUTGENERATOR@F25REPORTTARGETSELECTORCLASSsb
  41B900 GETOUTPUTGENERATORINDEX@F25REPORTTARGETSELECTORCLASSsb
  41B9E0 SETSELECTEDOUTPUTGENERATOR@F25REPORTTARGETSELECTORCLASSsb
  41BA50 GETOUTPUTGENERATOR@F25REPORTTARGETSELECTORCLASSsb
  41BAA8 GETOUTPUTGENERATORNAME@F25REPORTTARGETSELECTORCLASSsUc
  41BB24 FILLQUEUE@F25REPORTTARGETSELECTORCLASSBqUc
  41BBF0 GETPRINTSELECTED@F25REPORTTARGETSELECTORCLASS
  41BC00 ITEM@F25REPORTTARGETSELECTORCLASSsUc
  41BCF0 ITEMS@F25REPORTTARGETSELECTORCLASSUc
  41BD50 ASK@F25REPORTTARGETSELECTORCLASSUcUc
  41BFE8 ADDITEM@F25REPORTTARGETSELECTORCLASS22IOUTPUTGENERATORTARGETUc
  41C09C TAKEEVENT@F12TOOLBARCLASSPl13WINDOWMANAGER
  41C0C8 SETTARGET@F12TOOLBARCLASSl
  41C170 KILL@F12TOOLBARCLASS
  41C188 INIT@F12TOOLBARCLASS
  41C1A8 DISPLAYBUTTONS@F12TOOLBARCLASS
  41C1D0 ADDTARGET@F12TOOLBARCLASS13TOOLBARTARGETl
  41C204 TRYTAKETOOLBAR@F18TOOLBARUPDATECLASS
  41C210 TAKEEVENT@F18TOOLBARUPDATECLASSPl13WINDOWMANAGER
  41C24C TAKETOOLBAR@F18TOOLBARUPDATECLASS
  41C294 DISPLAYBUTTONS@F18TOOLBARUPDATECLASS
  41C354 TRYTAKETOOLBAR@F19TOOLBARLISTBOXCLASS
  41C3A8 TAKEEVENT@F19TOOLBARLISTBOXCLASSPl13WINDOWMANAGER
  41C4F0 TAKETOOLBAR@F19TOOLBARLISTBOXCLASS
  41C514 DISPLAYBUTTONS@F19TOOLBARLISTBOXCLASS
  41C540 TAKEEVENT@F13TOOLBARTARGETPl13WINDOWMANAGER
  41C5C0 DISPLAYBUTTONS@F13TOOLBARTARGET
  41C7A4 SETTIPS@Fsb
  41D4F4 SETUP@F13CALENDARCLASS
  41D4F8 ASK@F13CALENDARCLASSsbl
  41D5D0 ISHOLIDAY@F17CALENDARBASECLASSUcUcsUc
  41D5D8 ASK@F17CALENDARBASECLASSsbl
  41E0F0 UPDATEQUEUE@F8INICLASSsbsbBqRuPuPuPu
  41E314 UPDATE@F8INICLASSsbsbsb
  41E3D0 UPDATE@F8INICLASSsbBw
  41E5B0 UPDATE@F8INICLASS
  41E5B4 TRYFETCH@F8INICLASSsbsb
  41E62C REMOVE@F8INICLASSsbsb
  41E794 KILL@F8INICLASS
  41E8CC INIT@F8INICLASSsbll
  41E9E4 GETSECTORS@F8INICLASSOsbOsbOsb11SECTORQUEUE
  41EBF4 GETSECTOR@F8INICLASSsbsbsb
  41ECE4 GETFAMILY@F8INICLASSsbRscRscRsc
  41EE68 FETCHQUEUE@F8INICLASSsbsbBqRuPuPuPu
  41F0DC FETCHFIELD@F8INICLASSsbsbUc
  41F21C FETCH@F8INICLASSsbsbRu
  41F2E0 FETCH@F8INICLASSsbBw
  41F540 FETCH@F8INICLASSsbsb
  41F618 FETCH@F8INICLASS
  41F61C ADDSECTOR@F8INICLASSsb
  41F6FC UPDATEWINDOWINFO@F8INICLASSsb10WINDOWINFO
  41F968 FETCHWINDOWINFO@F8INICLASSsb10WINDOWINFO
  41FBE0 UPDATE@F8INICLASSsbsbsbsb
  41FDCC FETCH@F8INICLASSsbsbsbsb
  41FFF0 DESTRUCT@F8INICLASS
  42000C CONSTRUCT@F8INICLASS
  420020 KILL@F18BUFFEREDPAIRSCLASS
  42009C INIT@F18BUFFEREDPAIRSCLASS
  4200BC EQUALRIGHTBUFFER@F18BUFFEREDPAIRSCLASSUc
  42014C EQUALLEFTBUFFER@F18BUFFEREDPAIRSCLASSUc
  4201D8 EQUALRIGHTBUFFER@F18BUFFEREDPAIRSCLASS
  4201E4 EQUALLEFTBUFFER@F18BUFFEREDPAIRSCLASS
  4201F0 ASSIGNRIGHTTOBUFFER@F18BUFFEREDPAIRSCLASS
  420238 ASSIGNLEFTTOBUFFER@F18BUFFEREDPAIRSCLASS
  42027C ASSIGNBUFFERTORIGHT@F18BUFFEREDPAIRSCLASS
  4202C4 ASSIGNBUFFERTOLEFT@F18BUFFEREDPAIRSCLASS
  420308 ADDPAIR@F18BUFFEREDPAIRSCLASSRuRu
  4203A8 INIT@F15FIELDPAIRSCLASS
  4203C4 KILL@F15FIELDPAIRSCLASS
  420428 EQUALLEFTRIGHT@F15FIELDPAIRSCLASS
  420478 EQUAL@F15FIELDPAIRSCLASS
  420480 CLEARRIGHT@F15FIELDPAIRSCLASS
  4204BC CLEARLEFT@F15FIELDPAIRSCLASS
  4204F4 ASSIGNRIGHTTOLEFT@F15FIELDPAIRSCLASS
  420538 ASSIGNLEFTTORIGHT@F15FIELDPAIRSCLASS
  42057C ADDITEM@F15FIELDPAIRSCLASSRu
  4205C0 ADDPAIR@F15FIELDPAIRSCLASSRuRu
  420604 NEXT@F13CONSTANTCLASS
  4207C0 SET@F13CONSTANTCLASSRsb
  420814 RESET@F13CONSTANTCLASS
  420864 KILL@F13CONSTANTCLASS
  4208C4 INIT@F13CONSTANTCLASSUc
  420908 GETCSTRING@F13CONSTANTCLASS
  420988 GETPSTRING@F13CONSTANTCLASS
  420A14 GETLONG@F13CONSTANTCLASS
  420A38 GETUSHORT@F13CONSTANTCLASS
  420A60 GETSHORT@F13CONSTANTCLASS
  420A68 GETBYTE@F13CONSTANTCLASS
  420A7C ADDITEM@F13CONSTANTCLASSUcRu
  420AB8 CONSTRUCT@F13CONSTANTCLASS
  420AD0 REMOVEDOLLAR@Fsb
  420BA4 ADDDOLLAR@Fsb
  420D28 SAVEONINSERTACTION@F13WINDOWMANAGER
  420DCC SAVEONCHANGEACTION@F13WINDOWMANAGER
  420EE4 DELETEACTION@F13WINDOWMANAGER
  4210A0 CHANGEACTION@F13WINDOWMANAGER
  421410 INSERTACTION@F13WINDOWMANAGER
  421600 TAKEDISABLEBUTTON@F13WINDOWMANAGERlUc
  421628 UPDATE@F13WINDOWMANAGER
  421664 TAKEWINDOWEVENT@F13WINDOWMANAGER
  42188C TAKESELECTED@F13WINDOWMANAGER
  421890 TAKEREJECTED@F13WINDOWMANAGER
  4218CC TAKENOTIFY@F13WINDOWMANAGERlll
  4218D0 TAKENEWSELECTION@F13WINDOWMANAGER
  421950 TAKEFIELDEVENT@F13WINDOWMANAGER
  421954 TAKEEVENT@F13WINDOWMANAGER
  421B08 TAKECLOSEEVENT@F13WINDOWMANAGER
  421CAC TAKECOMPLETED@F13WINDOWMANAGER
  421D84 TAKEACCEPTED@F13WINDOWMANAGER
  421E70 SETRESPONSE@F13WINDOWMANAGERUc
  421EBC SETALERTS@F13WINDOWMANAGER
  421F6C SAVEHISTORY@F13WINDOWMANAGER
  422014 RUN@F13WINDOWMANAGERUsUc
  422018 RUN@F13WINDOWMANAGER
  422064 RESTOREFIELD@F13WINDOWMANAGERl
  422138 RESETBUFFERS@F13WINDOWMANAGERUc
  42219C RESET@F13WINDOWMANAGERUc
  422224 PRIMEUPDATE@F13WINDOWMANAGER
  422368 PRIMEFIELDS@F13WINDOWMANAGER
  42236C POSTCOMPLETED@F13WINDOWMANAGER
  422404 OPEN@F13WINDOWMANAGERBwBw
  42244C OPEN@F13WINDOWMANAGER
  422490 MODALEVENT@F13WINDOWMANAGER
  422574 KILL@F13WINDOWMANAGER
  4226C8 INIT@F13WINDOWMANAGER
  422744 REMOVEITEM@F13WINDOWMANAGER15WINDOWCOMPONENT
  42277C ASK@F13WINDOWMANAGER
  4227E0 ADDUPDATEFILE@F13WINDOWMANAGER11FILEMANAGER
  422820 ADDITEM@F13WINDOWMANAGER15WINDOWCOMPONENT
  42284C ADDITEM@F13WINDOWMANAGER18TOOLBARUPDATECLASS
  4228A4 ADDITEM@F13WINDOWMANAGER12TOOLBARCLASS
  4228B8 ADDITEM@F13WINDOWMANAGERlUc
  4228DC ADDITEM@F13WINDOWMANAGER11BROWSECLASS
  422904 ADDHISTORYFILE@F13WINDOWMANAGERRgRg
  42295C ADDHISTORYFIELD@F13WINDOWMANAGERll
  422984 DISABLECANCELCONTROLS@F13WINDOWMANAGER
  4229DC ENABLECANCELCONTROLS@F13WINDOWMANAGER
  422C08 PROCESSDOCUMENT@F17WMFDOCUMENTPARSER
  422CB8 OPENDOCUMENT@F17WMFDOCUMENTPARSER
  422D24 CLOSEDOCUMENT@F17WMFDOCUMENTPARSER
  422D64 INIT@F17WMFDOCUMENTPARSER12PREVIEWQUEUE16IREPORTGENERATOR10ERRORCLASS
  422DFC GENERATEREPORT@F17WMFDOCUMENTPARSERUc
  423198 TAKERECORD@F9WMFPARSER
  427A1C PROCESSFILE@F9WMFPARSER
  427A3C PROCESSHEADER@F9WMFPARSER
  427C10 ADDOBJECT@F9WMFPARSERUc
  427CB0 CLOSEFILE@F9WMFPARSER
  427CF0 RUN@F9WMFPARSER
  427CF8 OPENFILE@F9WMFPARSER
  427DBC KILL@F9WMFPARSER
  427E24 INIT@F9WMFPARSERsb16IREPORTGENERATOR10ERRORCLASS
  427EF0 GETBOXBOTTOM@F9WMFPARSER
  427EF8 GETBOXRIGHT@F9WMFPARSER
  427F00 GETBOXTOP@F9WMFPARSER
  427F08 GETBOXLEFT@F9WMFPARSER
  427F10 DESTRUCT@F9WMFPARSER
  427FF4 CONSTRUCT@F9WMFPARSER
  428350 SETUP@F19SORTHEADERCLASSTYPEBqlOsbOsbBiBk
  428380 APPLYSORTCOLORS@F19SORTHEADERCLASSTYPEl
  4284D8 ALLOWDESCENDING@F19SORTHEADERCLASSTYPEsb
  4284FC VALIDFIELD@F19SORTHEADERCLASSTYPEsb
  42868C GETSORTINGCOLUMNSTRING@F19SORTHEADERCLASSTYPEsbsbsb
  4288A0 FINDRECORD@F19SORTHEADERCLASSTYPE
  428A90 ONHEADERPRESSED@F19SORTHEADERCLASSTYPE
  428C6C SETPREVSORTORDER@F19SORTHEADERCLASSTYPE
  428CD8 LOADSORT@F19SORTHEADERCLASSTYPE
  428F28 SAVESORT@F19SORTHEADERCLASSTYPE
  429178 SETSTORAGESETTINGS@F19SORTHEADERCLASSTYPEsbsb
  4291DC GETSTRINGFROMSORT@F19SORTHEADERCLASSTYPE
  429318 SETSORTFROMSTRING@F19SORTHEADERCLASSTYPEsb
  4296C0 SORTQUEUE@F19SORTHEADERCLASSTYPE
  429F2C RESTOREHEADERTEXT@F19SORTHEADERCLASSTYPE
  429FF0 GETCOLUMNNAME@F19SORTHEADERCLASSTYPEl
  42A0F0 GETCOLUMNTEXT@F19SORTHEADERCLASSTYPEl
  42A1C0 RESETSORT@F19SORTHEADERCLASSTYPE
  42A1E8 CLEARSORT@F19SORTHEADERCLASSTYPE
  42A224 KILL@F19SORTHEADERCLASSTYPE
  42A278 GETSORTORDER@F19SORTHEADERCLASSTYPE
  42A2E8 TAKEEVENTS@F19SORTHEADERCLASSTYPE
  42A408 SETALERTS@F19SORTHEADERCLASSTYPE
  42A40C INIT@F19SORTHEADERCLASSTYPEBqlOsbOsbBiBk
  42A72C GETIFACE@F15CRITICALSECTION
  42A730 DESTRUCT@F15CRITICALSECTION
  42A744 CONSTRUCT@F15CRITICALSECTION
  42A758 KILL@F17CRITICALPROCEDURE
  42A77C INIT@F17CRITICALPROCEDURE11ISYNCOBJECT
  42A79C DESTRUCT@F17CRITICALPROCEDURE
  42A7A4 CONSTRUCT@F17CRITICALPROCEDURE
  42AF28 __thr_inst0
  42AF38 __thr_init_entry
  42AF58 __thr_init_exit
  42E27C KROJACNICA001$AZURIRANJETKANINA@F
  42E3F8 KROJACNICA001$AZURIRANJEMJESTA@F
  42E570 KROJACNICA001$POPISKLIJENATA@F
  42E760 KROJACNICA001$POPISMJESTA@F
  42E978 KROJACNICA001$POPISCUSLUGA@F
  42EBB8 KROJACNICA001$POPISTKANINA@F
  42EE14 KROJACNICA001$POPISKROJACA@F
  42EFC4 KROJACNICA001$POPISKROJACNICA@F
  42F174 KROJACNICA001$SKOCNIPROZOR@F
  42F208 GLAVNIIZBORNIK@F
  4336BC KROJACNICA002$ISPISSVIHSIVANJA@F
  4338F4 KROJACNICA002$ISPISODABRANIHKROJACA@F
  433AD4 KROJACNICA002$ISPISSVIHKROJACA@F
  433CB8 KROJACNICA002$AZURIRANJSIVA@F
  433EC4 KROJACNICA002$AZURIRANJEPOPRAVLJA@F
  4340D0 KROJACNICA002$AZURIRANJEKLIJENATA@F
  434490 KROJACNICA002$AZURIRANJEKROJACA@F
  434690 KROJACNICA002$AZURIRANJECUSLUGA@F
  43480C KROJACNICA002$AZURIRANJEKROJACNICA@F
  434E5C KROJACNICA003$ISPISSVIHPOPRAVAKA@F
  435658 KILL@F18HIDE:RELATE:KROJAC
  4356A0 DEFEREDADDRELATIONS@F18HIDE:RELATE:KROJAC
  4356C0 INIT@F18HIDE:RELATE:KROJAC
  4356F8 VALIDATEFIELDSERVER@F18HIDE:ACCESS:KROJAClUc
  4357D8 USEFILE@F18HIDE:ACCESS:KROJACUc
  4358A4 PRIMEFIELDS@F18HIDE:ACCESS:KROJAC
  4358CC KILL@F18HIDE:ACCESS:KROJAC
  4358EC INIT@F18HIDE:ACCESS:KROJAC
  43596C KILL@F22HIDE:RELATE:KROJACNICA
  4359B4 DEFEREDADDRELATIONS@F22HIDE:RELATE:KROJACNICA
  4359D4 INIT@F22HIDE:RELATE:KROJACNICA
  435A0C VALIDATEFIELDSERVER@F22HIDE:ACCESS:KROJACNICAlUc
  435AF4 USEFILE@F22HIDE:ACCESS:KROJACNICAUc
  435BF0 KILL@F22HIDE:ACCESS:KROJACNICA
  435C10 INIT@F22HIDE:ACCESS:KROJACNICA
  435C90 KILL@F18HIDE:RELATE:MJESTO
  435CD8 DEFEREDADDRELATIONS@F18HIDE:RELATE:MJESTO
  435CF8 INIT@F18HIDE:RELATE:MJESTO
  435D30 USEFILE@F18HIDE:ACCESS:MJESTOUc
  435DD4 KILL@F18HIDE:ACCESS:MJESTO
  435DF4 INIT@F18HIDE:ACCESS:MJESTO
  435E74 KILL@F25HIDE:RELATE:CJENIK_USLUGA
  435EBC DEFEREDADDRELATIONS@F25HIDE:RELATE:CJENIK_USLUGA
  435EDC INIT@F25HIDE:RELATE:CJENIK_USLUGA
  435F14 USEFILE@F25HIDE:ACCESS:CJENIK_USLUGAUc
  435FB8 KILL@F25HIDE:ACCESS:CJENIK_USLUGA
  435FD8 INIT@F25HIDE:ACCESS:CJENIK_USLUGA
  436058 KILL@F21HIDE:RELATE:POPRAVLJA
  4360A0 DEFEREDADDRELATIONS@F21HIDE:RELATE:POPRAVLJA
  4360C0 INIT@F21HIDE:RELATE:POPRAVLJA
  4360F8 VALIDATEFIELDSERVER@F21HIDE:ACCESS:POPRAVLJAlUc
  436330 USEFILE@F21HIDE:ACCESS:POPRAVLJAUc
  4363FC PRIMEFIELDS@F21HIDE:ACCESS:POPRAVLJA
  436434 KILL@F21HIDE:ACCESS:POPRAVLJA
  436454 INIT@F21HIDE:ACCESS:POPRAVLJA
  4364D4 KILL@F19HIDE:RELATE:KLIJENT
  43651C DEFEREDADDRELATIONS@F19HIDE:RELATE:KLIJENT
  43653C INIT@F19HIDE:RELATE:KLIJENT
  436574 USEFILE@F19HIDE:ACCESS:KLIJENTUc
  436618 KILL@F19HIDE:ACCESS:KLIJENT
  436638 INIT@F19HIDE:ACCESS:KLIJENT
  4366B8 KILL@F16HIDE:RELATE:SIVA
  436700 DEFEREDADDRELATIONS@F16HIDE:RELATE:SIVA
  436720 INIT@F16HIDE:RELATE:SIVA
  436758 VALIDATEFIELDSERVER@F16HIDE:ACCESS:SIVAlUc
  436990 USEFILE@F16HIDE:ACCESS:SIVAUc
  436A8C PRIMEFIELDS@F16HIDE:ACCESS:SIVA
  436AE0 KILL@F16HIDE:ACCESS:SIVA
  436B00 INIT@F16HIDE:ACCESS:SIVA
  436B80 KILL@F19HIDE:RELATE:TKANINA
  436BC8 DEFEREDADDRELATIONS@F19HIDE:RELATE:TKANINA
  436BE8 INIT@F19HIDE:RELATE:TKANINA
  436C20 USEFILE@F19HIDE:ACCESS:TKANINAUc
  436D1C KILL@F19HIDE:ACCESS:TKANINA
  436D3C INIT@F19HIDE:ACCESS:TKANINA
  436DBC KROJACNICA_BC0$KROJACNICA_BC0:FILESINIT@F
  436E70 KROJACNICA_BC0$KROJACNICA_BC0:DCTKILL@F
  436FB8 KROJACNICA_BC0$KROJACNICA_BC0:DCTINIT@F
  43734C DCTKILL@F
  437354 DCTINIT@F
  437360 _main
  4373F8 DESTRUCT@F10DICTIONARY
  437400 CONSTRUCT@F10DICTIONARY
  438000 $DEFAULTERRORS
  439400 TYPE$BROWSECLASS
  4397E8 TYPE$BROWSEEIPMANAGER
  439ABC VMT$BROWSEEIPMANAGER
  439B60 VMT$BROWSECLASS
  439D34 TYPE$STANDARDBEHAVIOR
  439D70 VMT$STANDARDBEHAVIOR
  439DC0 TYPE$ENTRYLOCATORCLASS
  439E1C VMT$ENTRYLOCATORCLASS
  439E5C TYPE$STEPLOCATORCLASS
  439EAC VMT$STEPLOCATORCLASS
  439EE8 TYPE$STEPLONGCLASS
  439F10 VMT$STEPLONGCLASS
  439F38 TYPE$FILEDROPCLASS
  43A0C4 VMT$FILEDROPCLASS
  43A19C TYPE$COLORMAP
  43A1C8 TCB$COLORMAP
  43A1D8 TYPE$EDITENTRYCLASS
  43A220 VMT$EDITENTRYCLASS
  43A3C0 STDERRORFILE$TYPE$RECORD
  43A3D8 $STDERRORFILE
  43A454 TYPE$PNQ
  43A474 TYPE$DEFAULTERRORS
  43A6F4 TYPE$HISTHANDLERCLASS
  43A73C VMT$HISTHANDLERCLASS
  43A76C TYPE$MSGBOXCLASS
  43A9E4 VMT$MSGBOXCLASS
  43AA6C TYPE$ERRORCLASS
  43ACC8 VMT$ERRORCLASS
  43AD14 TYPE$STANDARDERRORLOGCLASS
  43AD4C VMT$STANDARDERRORLOGCLASS
  43AD64 TYPE$ERRORSTATUSCLASS
  43AE58 VMT$ERRORSTATUSCLASS
  43AF34 TYPE$UNTHREADEDFILEOPENERMAP
  43AF58 TCB$UNTHREADEDFILEOPENERMAP
  43AF68 TYPE$FILESMANAGER
  43AFAC VMT$FILESMANAGER
  43AFB8 TYPE$FILEMAPPING_T
  43AFE4 TYPE$FILEMAPPING_R
  43B014 TYPE$STATUSQ_T
  43B07C TYPE$UNTHREADEDFILEOPENSERVER
  43B0CC VMT$UNTHREADEDFILEOPENSERVER
  43B0F0 TYPE$THREADEDFILEOPENSERVER
  43B124 VMT$THREADEDFILEOPENSERVER
  43B32C TYPE$FUZZYCLASS
  43B3D4 VMT$FUZZYCLASS
  43B410 TYPE$POPUPITEMQUEUE
  43B480 TYPE$POPUPCLASS
  43B52C VMT$POPUPCLASS
  43B610 TYPE$FIELDQUEUE
  43B7FC TYPE$PAGEMANAGERCLASS
  43B8B4 VMT$PAGEMANAGERCLASS
  43B8C0 TYPE$ZOOMITEMQUEUE
  43B8F8 $ZOOMPRESETS
  43B9EC TYPE$PRINTPREVIEWCLASS
  43C054 VMT$PRINTPREVIEWCLASS
  43C110 TYPE$REPORTATTRIBUTEMANAGER
  43C12C VMT$REPORTATTRIBUTEMANAGER
  43C1CC TYPE$REPORTTARGETSELECTORCLASS
  43C258 VMT$REPORTTARGETSELECTORCLASS
  43C2EC TYPE$TOOLBARTARGETQUEUE
  43C308 $UPDATECHANGETIPS
  43C414 $UPDATEINSERTTIPS
  43C454 $LISTBOXTIPS
  43C510 TYPE$TOOLBARCLASS
  43C528 VMT$TOOLBARCLASS
  43C540 TYPE$TOOLBARUPDATECLASS
  43C5C8 VMT$TOOLBARUPDATECLASS
  43C5E4 TYPE$TOOLBARLISTBOXCLASS
  43C660 VMT$TOOLBARLISTBOXCLASS
  43C728 TYPE$CONSTDESCRIPTORLIST
  43C84C TYPE$CALENDARCLASS
  43CA40 VMT$CALENDARCLASS
  43CA58 TYPE$CONSTANTCLASS
  43CAF8 VMT$CONSTANTCLASS
  43CB04 TYPE$INICLASS
  43CB4C VMT$INICLASS
  43CBD8 TYPE$BUFFEREDPAIRSCLASS
  43CBFC VMT$BUFFEREDPAIRSCLASS
  43CC34 TYPE$FIELDPAIRSCLASS
  43CC4C VMT$FIELDPAIRSCLASS
  43CC7C TYPE$FILELIST
  43CCA0 TYPE$HISTORYLIST
  43CCD8 TYPE$BUTTONLIST
  43CCFC TYPE$COMPONENTLIST
  43CE1C WMFINFILE$TYPE$WMFF@:RECORD
  43CE3C TYPE$QUEUEDC
  43CEA0 TYPE$QUEUEHOLES
  43CEB4 TYPE$QUEUEBRUSH
  43CEE0 TYPE$QUEUEPENS
  43CF0C TYPE$QUEUEFONTS
  43CF54 TYPE$QUEUEOBJECTS
  43CF70 TYPE$WMFDOCUMENTPARSER
  43CFD4 VMT$WMFDOCUMENTPARSER
  43CFE0 TYPE$WMFPARSER
  43DAF8 VMT$WMFPARSER
  43DB04 TYPE$POINTQUEUE
  43DB20 TYPE$SLICEFORMATQUEUE
  43DBC8 TYPE$TEXTFORMATQUEUE
  43DCA8 TYPE$QUEUELISTHEADERTYPE
  43DCD4 TYPE$QUEUELISTSORTTYPE
  43DD08 TYPE$CRITICALSECTION
  43DD20 VMT$CRITICALSECTION
  43DD2C TYPE$CRITICALPROCEDURE
  43DD44 VMT$CRITICALPROCEDURE
  4459B4 TYPE$HIDE:RELATE:KROJAC
  445A58 VMT$HIDE:RELATE:KROJAC
  445A94 TYPE$HIDE:ACCESS:KROJAC
  445CA4 VMT$HIDE:ACCESS:KROJAC
  445D94 TYPE$HIDE:RELATE:KROJACNICA
  445E38 VMT$HIDE:RELATE:KROJACNICA
  445E74 TYPE$HIDE:ACCESS:KROJACNICA
  446084 VMT$HIDE:ACCESS:KROJACNICA
  446174 TYPE$HIDE:RELATE:MJESTO
  446218 VMT$HIDE:RELATE:MJESTO
  446254 TYPE$HIDE:ACCESS:MJESTO
  446464 VMT$HIDE:ACCESS:MJESTO
  446554 TYPE$HIDE:RELATE:CJENIK_USLUGA
  4465F8 VMT$HIDE:RELATE:CJENIK_USLUGA
  446634 TYPE$HIDE:ACCESS:CJENIK_USLUGA
  446844 VMT$HIDE:ACCESS:CJENIK_USLUGA
  446934 TYPE$HIDE:RELATE:POPRAVLJA
  4469D8 VMT$HIDE:RELATE:POPRAVLJA
  446A14 TYPE$HIDE:ACCESS:POPRAVLJA
  446C24 VMT$HIDE:ACCESS:POPRAVLJA
  446D14 TYPE$HIDE:RELATE:KLIJENT
  446DB8 VMT$HIDE:RELATE:KLIJENT
  446DF4 TYPE$HIDE:ACCESS:KLIJENT
  447004 VMT$HIDE:ACCESS:KLIJENT
  4470F4 TYPE$HIDE:RELATE:SIVA
  447198 VMT$HIDE:RELATE:SIVA
  4471D4 TYPE$HIDE:ACCESS:SIVA
  4473E4 VMT$HIDE:ACCESS:SIVA
  4474D4 TYPE$HIDE:RELATE:TKANINA
  447578 VMT$HIDE:RELATE:TKANINA
  4475B4 TYPE$HIDE:ACCESS:TKANINA
  4477C4 VMT$HIDE:ACCESS:TKANINA
  447B18 TYPE$DICTIONARY
  447B28 VMT$DICTIONARY
  447B34 KROJAC$TYPE$KRO:RECORD
  447BF4 KROJACNICA$TYPE$KROJ:RECORD
  447C68 MJESTO$TYPE$MJE:RECORD
  447CA4 CJENIK_USLUGA$TYPE$CJE:RECORD
  447CF4 POPRAVLJA$TYPE$POP:RECORD
  447D98 KLIJENT$TYPE$KLI:RECORD
  447E4C SIVA$TYPE$SIV:RECORD
  447F5C TKANINA$TYPE$TKA:RECORD
  4482AC VMTP$DICTIONARY
  4483C4 VMTP$HIDE:RELATE:KROJAC
  4483CC VMTP$HIDE:ACCESS:KROJAC
  4483D4 VMTP$HIDE:RELATE:KROJACNICA
  4483DC VMTP$HIDE:ACCESS:KROJACNICA
  4483E4 VMTP$HIDE:RELATE:MJESTO
  4483EC VMTP$HIDE:ACCESS:MJESTO
  4483F4 VMTP$HIDE:RELATE:CJENIK_USLUGA
  4483FC VMTP$HIDE:ACCESS:CJENIK_USLUGA
  448404 VMTP$HIDE:RELATE:POPRAVLJA
  44840C VMTP$HIDE:ACCESS:POPRAVLJA
  448414 VMTP$HIDE:RELATE:KLIJENT
  44841C VMTP$HIDE:ACCESS:KLIJENT
  448424 VMTP$HIDE:RELATE:SIVA
  44842C VMTP$HIDE:ACCESS:SIVA
  448434 VMTP$HIDE:RELATE:TKANINA
  44843C VMTP$HIDE:ACCESS:TKANINA
  448444 VMTP$FILESMANAGER
  44844C VMTP$UNTHREADEDFILEOPENSERVER
  448454 VMTP$THREADEDFILEOPENSERVER
  44845C VMTP$CALENDARCLASS
  448464 VMTP$CONSTANTCLASS
  44846C VMTP$INICLASS
  448474 VMTP$BUFFEREDPAIRSCLASS
  44847C VMTP$FIELDPAIRSCLASS
  448484 VMTP$POPUPCLASS
  44848C VMTP$TOOLBARCLASS
  448494 VMTP$TOOLBARUPDATECLASS
  44849C VMTP$TOOLBARLISTBOXCLASS
  4484A4 VMTP$EDITENTRYCLASS
  4484AC VMTP$BROWSEEIPMANAGER
  4484B4 VMTP$BROWSECLASS
  4484BC VMTP$STANDARDBEHAVIOR
  4484C4 VMTP$ENTRYLOCATORCLASS
  4484CC VMTP$STEPLOCATORCLASS
  4484D4 VMTP$STEPLONGCLASS
  4484DC VMTP$HISTHANDLERCLASS
  4484E4 VMTP$MSGBOXCLASS
  4484EC VMTP$ERRORCLASS
  4484F4 VMTP$STANDARDERRORLOGCLASS
  4484FC VMTP$ERRORSTATUSCLASS
  448504 VMTP$FUZZYCLASS
  44850C VMTP$FILEDROPCLASS
  448514 VMTP$WMFDOCUMENTPARSER
  44851C VMTP$WMFPARSER
  448524 VMTP$REPORTATTRIBUTEMANAGER
  44852C VMTP$REPORTTARGETSELECTORCLASS
  448534 VMTP$PAGEMANAGERCLASS
  44853C VMTP$PRINTPREVIEWCLASS
  448544 VMTP$CRITICALSECTION
  44854C VMTP$CRITICALPROCEDURE
  448560 $FUZZYMATCHER
  449B84 $COLORMAP
  449BBC $MULTIWINDOW
  449BC0 $TXTWINDOW
  449BC4 $WINDOW
  449BC8 STDERRORFILE$RECORD
  449FC8 $UNTHREADEDFILEOPENERMAP
  449FD0 $CREATEOPENERCRIT
  44A0E0 KEYS$WMFINFILE
  44A114 $INIMGR
  44A22C MEMOS$KROJAC
  44B008 KROJAC$KRO:PK_KROJAC_SIFRAKROJACA
  44B02C KROJAC$KRO:VK_KROJAC_KROJACNICA_SIFRAKROJACNICE
  44B050 KEYS$KROJAC
  44B058 $KROJAC
  44B0AC KROJACNICA$KROJ:SK_KROJACNICA_NAZIVKROJACNICE
  44B0D0 KROJACNICA$KROJ:PK_KROJACNICA_SIFRAKROJACNICE
  44B0F4 KROJACNICA$KROJ:VK_KROJACNICA_MJESTO_POSTBR
  44B118 KEYS$KROJACNICA
  44B124 $KROJACNICA
  44B178 MJESTO$MJE:PK_MJESTO_POSTBR
  44B19C KEYS$MJESTO
  44B1A0 $MJESTO
  44B1F4 CJENIK_USLUGA$CJE:PK_CJENIK_SIFRAUSLUGE
  44B218 KEYS$CJENIK_USLUGA
  44B21C $CJENIK_USLUGA
  44B270 POPRAVLJA$POP:PK_POPRAVLJA_SIFRAKLIJENTA_SIFRAUSLUGE_DATUM
  44B294 POPRAVLJA$POP:VK_POPRAVLJA_KROJAC_SIFRAKROJACA
  44B2B8 KEYS$POPRAVLJA
  44B2C0 $POPRAVLJA
  44B314 KLIJENT$KLI:PK_KLIJENT_SIFRAKLIJENTA
  44B338 KEYS$KLIJENT
  44B33C $KLIJENT
  44B390 SIVA$SIV:VK_SIVA_TKANINA_SIFRATKANINE
  44B3B4 SIVA$SIV:PK_SIVA_SIFRAKLIJENTA_SIFRAKROJACA_DATUM
  44B3D8 SIVA$SIV:RK_SIVA_DATUM_SIFRAKROJACA_SIFRAKLIJENTA
  44B3FC KEYS$SIVA
  44B408 $SIVA
  44B45C TKANINA$TKA:SK_TKANINA_NAZIVTKANINE
  44B480 TKANINA$TKA:SK_TKANINA_BOJATKANINE
  44B4A4 TKANINA$TKA:PK_TKANINA_SIFRATKANINE
  44B4C8 KEYS$TKANINA
  44B4D4 $TKANINA
  44B768 $EPOC
  44B7C0 $WMFINFILE
  44B8C0 $GLOBALERRORSTATUS
  44CBE4 $GLOBALREQUEST
  44CBE8 $GLOBALRESPONSE
  44CBEC $VCRREQUEST
  44CBF0 $DICTIONARY
  44CBF4 KROJAC$KRO:RECORD
  44CC74 KROJACNICA$KROJ:RECORD
  44CCC8 MJESTO$MJE:RECORD
  44CCFC CJENIK_USLUGA$CJE:RECORD
  44CD24 POPRAVLJA$POP:RECORD
  44CD38 KLIJENT$KLI:RECORD
  44CDA8 SIVA$SIV:RECORD
  44CE60 TKANINA$TKA:RECORD
  44CEA0 $RELATE:KROJAC
  44CEA4 $ACCESS:KROJAC
  44CEA8 $RELATE:KROJACNICA
  44CEAC $ACCESS:KROJACNICA
  44CEB0 $RELATE:MJESTO
  44CEB4 $ACCESS:MJESTO
  44CEB8 $RELATE:CJENIK_USLUGA
  44CEBC $ACCESS:CJENIK_USLUGA
  44CEC0 $RELATE:POPRAVLJA
  44CEC4 $ACCESS:POPRAVLJA
  44CEC8 $RELATE:KLIJENT
  44CECC $ACCESS:KLIJENT
  44CED0 $RELATE:SIVA
  44CED4 $ACCESS:SIVA
  44CED8 $RELATE:TKANINA
  44CEDC $ACCESS:TKANINA
  44D208 KROJACNICA_BC0$_HIDE:RELATE:KROJAC
  44D20C KROJACNICA_BC0$_HIDE:ACCESS:KROJAC
  44D210 KROJACNICA_BC0$_HIDE:RELATE:KROJACNICA
  44D214 KROJACNICA_BC0$_HIDE:ACCESS:KROJACNICA
  44D218 KROJACNICA_BC0$_HIDE:RELATE:MJESTO
  44D21C KROJACNICA_BC0$_HIDE:ACCESS:MJESTO
  44D220 KROJACNICA_BC0$_HIDE:RELATE:CJENIK_USLUGA
  44D224 KROJACNICA_BC0$_HIDE:ACCESS:CJENIK_USLUGA
  44D228 KROJACNICA_BC0$_HIDE:RELATE:POPRAVLJA
  44D22C KROJACNICA_BC0$_HIDE:ACCESS:POPRAVLJA
  44D230 KROJACNICA_BC0$_HIDE:RELATE:KLIJENT
  44D234 KROJACNICA_BC0$_HIDE:ACCESS:KLIJENT
  44D238 KROJACNICA_BC0$_HIDE:RELATE:SIVA
  44D23C KROJACNICA_BC0$_HIDE:ACCESS:SIVA
  44D240 KROJACNICA_BC0$_HIDE:RELATE:TKANINA
  44D244 KROJACNICA_BC0$_HIDE:ACCESS:TKANINA
  44D248 $FILESMANAGER
  44D260 $SZDBTEXTLOG
  44DB54 $CLS_COUNTER
  44DB58 WMFINFILE$WMFF@:RECORD
  45F000 __import_section_start
  460C3C __import_section_end

Imports
ClaASC.dll:ASCII 45F094
ClaDOS.dll:DOS 45F0A4
ClaRUN.dll:Cla$ACCEPTED 45F480,401000
ClaRUN.dll:Cla$ADDqueue 45F484
ClaRUN.dll:Cla$ADDqueuekey 45F488,401008
ClaRUN.dll:Cla$ADDqueueptr 45F48C
ClaRUN.dll:Cla$ADDqueueskey 45F490
ClaRUN.dll:Cla$AddressUfo 45F494
ClaRUN.dll:Cla$ALERT 45F498,401010
ClaRUN.dll:Cla$AssignLong2RefUfo 45F49C
ClaRUN.dll:Cla$AssignReal2RefUfo 45F4A0
ClaRUN.dll:Cla$AssignRefUfo 45F4A4
ClaRUN.dll:Cla$BEEP 45F4A8,401018
ClaRUN.dll:Cla$BindG 45F4AC
ClaRUN.dll:Cla$CHOICE 45F4B0,401020
ClaRUN.dll:Cla$CLEAR 45F4B4
ClaRUN.dll:Cla$CLEARqueue 45F4B8
ClaRUN.dll:Cla$clearstr 45F4BC
ClaRUN.dll:Cla$ClearType 45F4C0
ClaRUN.dll:Cla$ClearUfo 45F4C4
ClaRUN.dll:Cla$CLOCK 45F4C8,401028
ClaRUN.dll:Cla$CloneUfo 45F4CC
ClaRUN.dll:Cla$CLOSEwindow 45F4D0,401030
ClaRUN.dll:Cla$code 45F4D4
ClaRUN.dll:Cla$COMMIT 45F4D8,401038
ClaRUN.dll:Cla$comparestr 45F4DC
ClaRUN.dll:Cla$CREATE 45F4E0
ClaRUN.dll:Cla$DATE 45F4E4,401040
ClaRUN.dll:Cla$DAY 45F4E8,401048
ClaRUN.dll:Cla$DecAdd 45F4EC
ClaRUN.dll:Cla$DecDistinct 45F4F0
ClaRUN.dll:Cla$DecDistinctR 45F4F4
ClaRUN.dll:Cla$DecDivide 45F4F8
ClaRUN.dll:Cla$DecMul 45F4FC
ClaRUN.dll:Cla$DecSub 45F500
ClaRUN.dll:Cla$DecSubR 45F504
ClaRUN.dll:Cla$DELETEqueue 45F508,401050
ClaRUN.dll:Cla$DELETEREG 45F50C,401058
ClaRUN.dll:Cla$DESTROY 45F510,401060
ClaRUN.dll:Cla$DISABLE 45F514,401068
ClaRUN.dll:Cla$DISPLAY 45F518,401070
ClaRUN.dll:Cla$DISPOSEqueue 45F51C
ClaRUN.dll:Cla$DISPOSEref 45F520
ClaRUN.dll:Cla$DISPOSEvref 45F524
ClaRUN.dll:Cla$Dlongpower 45F528
ClaRUN.dll:Cla$DPopDec 45F52C
ClaRUN.dll:Cla$DPopLong 45F530
ClaRUN.dll:Cla$DPopReal 45F534
ClaRUN.dll:Cla$DPopUlong 45F538
ClaRUN.dll:Cla$DPushConstant 45F53C
ClaRUN.dll:Cla$DPushDec 45F540
ClaRUN.dll:Cla$DPushLong 45F544
ClaRUN.dll:Cla$DPushULong 45F548
ClaRUN.dll:Cla$DRound 45F54C
ClaRUN.dll:Cla$DStack2Stack 45F550
ClaRUN.dll:Cla$ENABLE 45F554,401078
ClaRUN.dll:Cla$EndEventLoop 45F558
ClaRUN.dll:Cla$EndEventLoops 45F55C
ClaRUN.dll:Cla$ENDPAGE 45F560,401080
ClaRUN.dll:Cla$ERRORCODE 45F564,401088
ClaRUN.dll:Cla$Evaluate 45F568,401090
ClaRUN.dll:Cla$EVENT 45F56C,401098
ClaRUN.dll:Cla$FIELD 45F570,4010A0
ClaRUN.dll:Cla$FILEERRORCODE 45F574,4010A8
ClaRUN.dll:Cla$FILEERRORMSG 45F578,4010B0
ClaRUN.dll:Cla$FileExists 45F57C,4010B8
ClaRUN.dll:Cla$FILE_ADDf 45F580
ClaRUN.dll:Cla$FILE_BUFFER 45F584,4010C0
ClaRUN.dll:Cla$FILE_BUILDf 45F588,4010C8
ClaRUN.dll:Cla$FILE_BYTES 45F58C,4010D0
ClaRUN.dll:CLA$FILE_CALLBACK 45F590,4010D8
ClaRUN.dll:Cla$FILE_CLEAR 45F594
ClaRUN.dll:Cla$FILE_CLOSE 45F598,4010E0
ClaRUN.dll:Cla$FILE_CREATE 45F59C
ClaRUN.dll:Cla$FILE_DELETE 45F5A0,4010E8
ClaRUN.dll:CLA$FILE_DESTROY 45F5A4
ClaRUN.dll:Cla$FILE_DUPLICATEk 45F5A8,4010F0
ClaRUN.dll:Cla$FILE_FLUSH 45F5AC,4010F8
ClaRUN.dll:CLA$FILE_FREESTATE 45F5B0,401100
ClaRUN.dll:Cla$FILE_GETfk 45F5B4
ClaRUN.dll:Cla$FILE_GETfl 45F5B8
ClaRUN.dll:Cla$FILE_GETflu 45F5BC
ClaRUN.dll:Cla$FILE_GETNULLS 45F5C0,401108
ClaRUN.dll:CLA$FILE_GETSTATE 45F5C4,401110
ClaRUN.dll:Cla$FILE_GET_PROPERTY 45F5C8
ClaRUN.dll:Cla$FILE_NAME 45F5CC,401118
ClaRUN.dll:Cla$FILE_NEXT 45F5D0,401120
ClaRUN.dll:Cla$FILE_NOMEMO 45F5D4,401128
ClaRUN.dll:Cla$FILE_OPEN 45F5D8,401130
ClaRUN.dll:Cla$FILE_POSITIONf 45F5DC,401138
ClaRUN.dll:Cla$FILE_POSITIONk 45F5E0,401140
ClaRUN.dll:Cla$FILE_PREV 45F5E4,401148
ClaRUN.dll:Cla$FILE_PUTf 45F5E8
ClaRUN.dll:Cla$FILE_RECORDSf 45F5EC,401150
ClaRUN.dll:Cla$FILE_REGETf 45F5F0,401158
ClaRUN.dll:Cla$FILE_REGETk 45F5F4,401160
ClaRUN.dll:Cla$FILE_RESETf 45F5F8,401168
ClaRUN.dll:Cla$FILE_RESETk 45F5FC,401170
ClaRUN.dll:CLA$FILE_RESTORESTATE 45F600,401178
ClaRUN.dll:Cla$FILE_SEND 45F604,401180
ClaRUN.dll:Cla$FILE_SETk 45F608,401188
ClaRUN.dll:Cla$FILE_SETkk 45F60C,401190
ClaRUN.dll:Cla$FILE_SETNULLS 45F610,401198
ClaRUN.dll:Cla$FILE_SET_PROPERTY 45F614
ClaRUN.dll:Cla$FILE_WATCH 45F618,4011A0
ClaRUN.dll:Cla$FOCUS 45F61C,4011A8
ClaRUN.dll:Cla$FORWARDKEY 45F620,4011B0
ClaRUN.dll:Cla$FREEqueue 45F624
ClaRUN.dll:Cla$FREEqueuea 45F628,4011B8
ClaRUN.dll:Cla$freestr 45F62C
ClaRUN.dll:Cla$FreeUfo 45F630
ClaRUN.dll:Cla$freewindow 45F634
ClaRUN.dll:Cla$GETINI 45F638,4011C0
ClaRUN.dll:Cla$GETPOSITION 45F63C,4011C8
ClaRUN.dll:Cla$GETPOSITIONw 45F640,4011D0
ClaRUN.dll:Cla$GetPropS 45F644
ClaRUN.dll:Cla$GETqueuekey 45F648,4011D8
ClaRUN.dll:Cla$GETqueueptr 45F64C
ClaRUN.dll:Cla$GETqueueskey 45F650
ClaRUN.dll:Cla$GETREG 45F654,4011E0
ClaRUN.dll:Cla$Group2Ufo 45F658
ClaRUN.dll:Cla$HALT 45F65C,4011E8
ClaRUN.dll:Cla$HIDE 45F660,4011F0
ClaRUN.dll:Cla$init 45F664
ClaRUN.dll:Cla$INSTANCE 45F668,4011F8
ClaRUN.dll:Cla$IsUfoString 45F66C,401200
ClaRUN.dll:Cla$KEYCHAR 45F670,401208
ClaRUN.dll:Cla$KEYCODE 45F674,401210
ClaRUN.dll:Cla$KEYSTATE 45F678,401218
ClaRUN.dll:Cla$KEY_GET_PROPERTY 45F67C
ClaRUN.dll:Cla$loadbtdate 45F680
ClaRUN.dll:Cla$loaddec 45F684
ClaRUN.dll:Cla$LOGOUT 45F688,401220
ClaRUN.dll:Cla$longtostr 45F68C
ClaRUN.dll:Cla$Mem2Ufo 45F690
ClaRUN.dll:Cla$MessageBox 45F694,401228
ClaRUN.dll:Cla$MONTH 45F698,401230
ClaRUN.dll:Cla$MOUSEX 45F69C,401238
ClaRUN.dll:Cla$MOUSEY 45F6A0,401240
ClaRUN.dll:Cla$NewMemB 45F6A4
ClaRUN.dll:Cla$NewMemT 45F6A8
ClaRUN.dll:Cla$NEWqueue 45F6AC
ClaRUN.dll:Cla$NOTIFICATION 45F6B0,401248
ClaRUN.dll:Cla$OPENowned 45F6B4,401250
ClaRUN.dll:Cla$OPENwindow 45F6B8,401258
ClaRUN.dll:Cla$paopen 45F6BC,401260
ClaRUN.dll:Cla$pmopen 45F6C0,401268
ClaRUN.dll:Cla$POINTERqueue 45F6C4,401270
ClaRUN.dll:Cla$PopAString 45F6C8
ClaRUN.dll:Cla$PopBind 45F6CC,401278
ClaRUN.dll:Cla$PopCString 45F6D0
ClaRUN.dll:Cla$PopReal 45F6D4
ClaRUN.dll:Cla$PopString 45F6D8
ClaRUN.dll:Cla$PopTemp 45F6DC
ClaRUN.dll:Cla$POPUP 45F6E0,401280
ClaRUN.dll:Cla$POST 45F6E4,401288
ClaRUN.dll:Cla$PRESSKEY 45F6E8,401290
ClaRUN.dll:Cla$PRINTreport 45F6EC
ClaRUN.dll:Cla$propen 45F6F0,401298
ClaRUN.dll:Cla$PushAString 45F6F4
ClaRUN.dll:Cla$PushBind 45F6F8,4012A0
ClaRUN.dll:Cla$PushCString 45F6FC
ClaRUN.dll:Cla$PushLong 45F700
ClaRUN.dll:Cla$PushPictDec 45F704
ClaRUN.dll:Cla$PushPictLong 45F708
ClaRUN.dll:Cla$PushReal 45F70C
ClaRUN.dll:Cla$PushString 45F710
ClaRUN.dll:Cla$PushUfo 45F714
ClaRUN.dll:Cla$PUTINI 45F718,4012A8
ClaRUN.dll:Cla$PUTqueue 45F71C
ClaRUN.dll:Cla$PUTREG 45F720,4012B0
ClaRUN.dll:Cla$pwopen 45F724,4012B8
ClaRUN.dll:Cla$QUOTE 45F728,4012C0
ClaRUN.dll:Cla$RECORDSqueue 45F72C,4012C8
ClaRUN.dll:Cla$RefAssignAny 45F730
ClaRUN.dll:Cla$REGULAR 45F734,4012D0
ClaRUN.dll:Cla$RemoveFile 45F738,4012D8
ClaRUN.dll:Cla$ROLLBACK 45F73C,4012E0
ClaRUN.dll:Cla$rterr 45F740,4012E8
ClaRUN.dll:Cla$RUN 45F744,4012F0
ClaRUN.dll:Cla$SELECT 45F748,4012F8
ClaRUN.dll:Cla$SETCURSOR 45F74C,401300
ClaRUN.dll:Cla$SETKEYCODE 45F750,401308
ClaRUN.dll:Cla$SETLAYOUT 45F754,401310
ClaRUN.dll:Cla$SETPOSITION 45F758,401318
ClaRUN.dll:Cla$SETPOSITIONw 45F75C,401320
ClaRUN.dll:Cla$SetPropF 45F760
ClaRUN.dll:Cla$SetPropQ 45F764
ClaRUN.dll:Cla$SetPropS 45F768
ClaRUN.dll:Cla$SetPropV 45F76C
ClaRUN.dll:Cla$SETTARGET 45F770,401328
ClaRUN.dll:Cla$SORTqueuekey 45F774,401330
ClaRUN.dll:Cla$SORTqueueskey 45F778
ClaRUN.dll:Cla$Stack2DStack 45F77C
ClaRUN.dll:Cla$Stack2Ufo 45F780
ClaRUN.dll:Cla$StackCLIP 45F784,401338
ClaRUN.dll:Cla$StackCompareN 45F788
ClaRUN.dll:Cla$StackCompareNEQ 45F78C
ClaRUN.dll:Cla$StackCompareR 45F790
ClaRUN.dll:Cla$StackConcat 45F794
ClaRUN.dll:Cla$StackConcatR 45F798
ClaRUN.dll:Cla$StackDEFORMAT2 45F79C
ClaRUN.dll:Cla$StackErrstr 45F7A0,401340
ClaRUN.dll:Cla$StackHeap 45F7A4
ClaRUN.dll:Cla$StackINSTRING 45F7A8,401348
ClaRUN.dll:Cla$StackLEFT 45F7AC,401350
ClaRUN.dll:Cla$StackLen 45F7B0,401358
ClaRUN.dll:Cla$StackNUMERIC 45F7B4,401360
ClaRUN.dll:Cla$STACKpop 45F7B8
ClaRUN.dll:Cla$StackRotate 45F7BC
ClaRUN.dll:Cla$StackSUB 45F7C0,401368
ClaRUN.dll:Cla$StackUPPER 45F7C4,401370
ClaRUN.dll:Cla$START 45F7C8,401378
ClaRUN.dll:Cla$START2 45F7CC,401380
ClaRUN.dll:Cla$StartEventLoop 45F7D0
ClaRUN.dll:Cla$storebtdate 45F7D4
ClaRUN.dll:Cla$storebttime 45F7D8
ClaRUN.dll:Cla$storecstr 45F7DC
ClaRUN.dll:Cla$storedec 45F7E0
ClaRUN.dll:Cla$storestr 45F7E4
ClaRUN.dll:Cla$String2Ref 45F7E8
ClaRUN.dll:Cla$THREAD 45F7EC,401388
ClaRUN.dll:Cla$THREAD_FILE 45F7F0
ClaRUN.dll:Cla$TODAY 45F7F4,401390
ClaRUN.dll:Cla$Ufo2Real 45F7F8
ClaRUN.dll:Cla$UfoCompareN 45F7FC
ClaRUN.dll:Cla$Ufodistinct 45F800
ClaRUN.dll:Cla$UNHIDE 45F804,401398
ClaRUN.dll:Cla$UNREGISTEREVENT 45F808,4013A0
ClaRUN.dll:Cla$UPDATE 45F80C,4013A8
ClaRUN.dll:Cla$VIEW_RESETvf 45F810,4013B0
ClaRUN.dll:Cla$VIEW_SETvl 45F814,4013B8
ClaRUN.dll:Cla$WHAT 45F818,4013C0
ClaRUN.dll:Cla$WHATqueue 45F81C,4013C8
ClaRUN.dll:Cla$WHOqueue 45F820,4013D0
ClaRUN.dll:Cla$YEAR 45F824,4013D8
ClaRUN.dll:Cla$YIELD 45F828,4013E0
ClaRUN.dll:NewCriticalSection 45F82C,4013E8
ClaRUN.dll:THR$GetInstance 45F830,4013F0
ClaRUN.dll:VIEWDRIVER 45F834
ClaRUN.dll:_exit 45F838,4013F8
ClaRUN.dll:_fnsplit 45F83C,401400
ClaRUN.dll:_free 45F840
ClaRUN.dll:_malloc 45F844
ClaRUN.dll:__sysinit 45F848,401408
ClaRUN.dll:__sysstart 45F84C,401410
ClaTPS.dll:TOPSPEED 45F85C
KERNEL32.dll:MulDiv 45F86C,401418
USER32.dll:GetSystemMetrics 45F87C,401420



Entry Point:   42A7AC